// Vitest Snapshot v1, https://vitest.dev/guide/snapshot.html

exports[`java.util.Vector, getestet mit 'Number' > toArray: returns given array with elements 1`] = `
[
  1,
  2,
  3,
]
`;

exports[`java.util.Vector, getestet mit 'String' > toArray: returns given array with elements 1`] = `
[
  "a",
  2,
  3,
]
`;

exports[`java.util.Vector, getestet mit 'TestPerson' > toArray: returns given array with elements 1`] = `
[
  TestPerson {
    "id": 0,
    "kuerzel": "",
    "nachname": "",
    "titel": null,
    "vorname": "",
  },
  2,
  3,
]
`;
