// Vitest Snapshot v1, https://vitest.dev/guide/snapshot.html

exports[`java.util.Vector, getestet mit 'Number' > toArray: returns given array with elements 1`] = `
[
  1,
  2,
  3,
]
`;

exports[`java.util.Vector, getestet mit 'String' > toArray: returns given array with elements 1`] = `
[
  "a",
  2,
  3,
]
`;

exports[`java.util.Vector, getestet mit 'TestPerson' > toArray: returns given array with elements 1`] = `
[
  TestPerson {
    "id": 1,
    "kuerzel": "A",
    "nachname": "Albert",
    "titel": "",
    "vorname": "Alfons",
  },
  2,
  3,
]
`;
