// Vitest Snapshot v1, https://vitest.dev/guide/snapshot.html

exports[`Gesamtschule Tests > gegen { schema: 'GymAbi01' } > getGostAbiturjahrgaenge 1`] = `
ArrayList {
  "addFirst": [Function],
  "addLast": [Function],
  "elementData": [
    GostJahrgang {
      "abiturjahr": -1,
      "bezeichnung": "Allgemeine Vorlagen",
      "existierenNotenInLeistungsdaten": [
        false,
        false,
        false,
        false,
        false,
        false,
      ],
      "halbjahr": 0,
      "istAbgeschlossen": false,
      "istBlockungFestgelegt": [
        false,
        false,
        false,
        false,
        false,
        false,
      ],
      "jahrgang": null,
    },
    GostJahrgang {
      "abiturjahr": 2019,
      "bezeichnung": "Abi 2019 (Q2)",
      "existierenNotenInLeistungsdaten": [
        true,
        true,
        true,
        true,
        true,
        true,
      ],
      "halbjahr": 2,
      "istAbgeschlossen": false,
      "istBlockungFestgelegt": [
        true,
        true,
        true,
        true,
        true,
        true,
      ],
      "jahrgang": "Q2",
    },
    GostJahrgang {
      "abiturjahr": 2020,
      "bezeichnung": "Abi 2020 (Q1)",
      "existierenNotenInLeistungsdaten": [
        true,
        true,
        true,
        true,
        false,
        false,
      ],
      "halbjahr": 2,
      "istAbgeschlossen": false,
      "istBlockungFestgelegt": [
        true,
        true,
        true,
        true,
        false,
        false,
      ],
      "jahrgang": "Q1",
    },
    GostJahrgang {
      "abiturjahr": 2021,
      "bezeichnung": "Abi 2021 (EF)",
      "existierenNotenInLeistungsdaten": [
        true,
        true,
        false,
        false,
        false,
        false,
      ],
      "halbjahr": 2,
      "istAbgeschlossen": false,
      "istBlockungFestgelegt": [
        true,
        true,
        false,
        false,
        false,
        false,
      ],
      "jahrgang": "EF",
    },
    GostJahrgang {
      "abiturjahr": 2022,
      "bezeichnung": "Abi 2022 (09)",
      "existierenNotenInLeistungsdaten": [
        false,
        false,
        false,
        false,
        false,
        false,
      ],
      "halbjahr": 2,
      "istAbgeschlossen": false,
      "istBlockungFestgelegt": [
        false,
        false,
        false,
        false,
        false,
        false,
      ],
      "jahrgang": "09",
    },
  ],
  "getFirst": [Function],
  "getLast": [Function],
  "modCount": 5,
  "removeFirst": [Function],
  "removeLast": [Function],
}
`;

exports[`Gesamtschule Tests > gegen { schema: 'GymAbi01' } > getGostAbiturjahrgang 1`] = `
GostJahrgangsdaten {
  "abiturjahr": 2021,
  "anzahlKursblockungen": [
    0,
    0,
    0,
    0,
    0,
    0,
  ],
  "beginnZusatzkursGE": "Q2.1",
  "beginnZusatzkursSW": "Q2.1",
  "beratungslehrer": ArrayList {
    "addFirst": [Function],
    "addLast": [Function],
    "elementData": [
      GostBeratungslehrer {
        "id": 9,
        "kuerzel": "BISZ",
        "nachname": "Biszkeborn",
        "vorname": "Stephan",
      },
      GostBeratungslehrer {
        "id": 51,
        "kuerzel": "LANG",
        "nachname": "Langes",
        "vorname": "Antje",
      },
      GostBeratungslehrer {
        "id": 56,
        "kuerzel": "MAUN",
        "nachname": "Maunert",
        "vorname": "Florian",
      },
    ],
    "getFirst": [Function],
    "getLast": [Function],
    "modCount": 3,
    "removeFirst": [Function],
    "removeLast": [Function],
  },
  "bezeichnung": "Abi 2021 (EF)",
  "existierenNotenInLeistungsdaten": [
    true,
    true,
    false,
    false,
    false,
    false,
  ],
  "halbjahr": 2,
  "hatZusatzkursGE": true,
  "hatZusatzkursSW": true,
  "istAbgeschlossen": false,
  "istBlockungFestgelegt": [
    true,
    true,
    false,
    false,
    false,
    false,
  ],
  "jahrgang": "EF",
  "textBeratungsbogen": null,
  "textMailversand": null,
}
`;

exports[`Gesamtschule Tests > gegen { schema: 'GymAbi01' } > getGostAbiturjahrgang 2`] = `
GostJahrgangsdaten {
  "abiturjahr": 2021,
  "anzahlKursblockungen": [
    0,
    0,
    0,
    0,
    0,
    0,
  ],
  "beginnZusatzkursGE": "Q2.1",
  "beginnZusatzkursSW": "Q2.1",
  "beratungslehrer": ArrayList {
    "addFirst": [Function],
    "addLast": [Function],
    "elementData": [
      GostBeratungslehrer {
        "id": 9,
        "kuerzel": "BISZ",
        "nachname": "Biszkeborn",
        "vorname": "Stephan",
      },
      GostBeratungslehrer {
        "id": 51,
        "kuerzel": "LANG",
        "nachname": "Langes",
        "vorname": "Antje",
      },
      GostBeratungslehrer {
        "id": 56,
        "kuerzel": "MAUN",
        "nachname": "Maunert",
        "vorname": "Florian",
      },
    ],
    "getFirst": [Function],
    "getLast": [Function],
    "modCount": 3,
    "removeFirst": [Function],
    "removeLast": [Function],
  },
  "bezeichnung": "Abi 2021 (EF)",
  "existierenNotenInLeistungsdaten": [
    true,
    true,
    false,
    false,
    false,
    false,
  ],
  "halbjahr": 2,
  "hatZusatzkursGE": true,
  "hatZusatzkursSW": true,
  "istAbgeschlossen": false,
  "istBlockungFestgelegt": [
    true,
    true,
    false,
    false,
    false,
    false,
  ],
  "jahrgang": "EF",
  "textBeratungsbogen": null,
  "textMailversand": null,
}
`;

exports[`Gesamtschule Tests > gegen { schema: 'GymAbi01' } > getGostAbiturjahrgangBlockungsliste 1`] = `
ArrayList {
  "addFirst": [Function],
  "addLast": [Function],
  "elementData": [],
  "getFirst": [Function],
  "getLast": [Function],
  "modCount": 0,
  "removeFirst": [Function],
  "removeLast": [Function],
}
`;

exports[`Gesamtschule Tests > gegen { schema: 'GymAbi01' } > getGostAbiturjahrgangFach 1`] = `
GostFach {
  "bezeichnung": "Deutsch",
  "biliSprache": null,
  "id": 16,
  "istFremdSpracheNeuEinsetzend": false,
  "istFremdsprache": false,
  "istMoeglichAbiGK": true,
  "istMoeglichAbiLK": true,
  "istMoeglichEF1": true,
  "istMoeglichEF2": true,
  "istMoeglichQ11": true,
  "istMoeglichQ12": true,
  "istMoeglichQ21": true,
  "istMoeglichQ22": true,
  "istPruefungsordnungsRelevant": true,
  "kuerzel": "D",
  "kuerzelAnzeige": "D",
  "projektKursLeitfach1ID": null,
  "projektKursLeitfach1Kuerzel": null,
  "projektKursLeitfach2ID": null,
  "projektKursLeitfach2Kuerzel": null,
  "sortierung": 10,
  "wochenstundenQualifikationsphase": 3,
}
`;

exports[`Gesamtschule Tests > gegen { schema: 'GymAbi01' } > getGostAbiturjahrgangFaecher 1`] = `
ArrayList {
  "addFirst": [Function],
  "addLast": [Function],
  "elementData": [
    GostFach {
      "bezeichnung": "Deutsch",
      "biliSprache": null,
      "id": 16,
      "istFremdSpracheNeuEinsetzend": false,
      "istFremdsprache": false,
      "istMoeglichAbiGK": true,
      "istMoeglichAbiLK": true,
      "istMoeglichEF1": true,
      "istMoeglichEF2": true,
      "istMoeglichQ11": true,
      "istMoeglichQ12": true,
      "istMoeglichQ21": true,
      "istMoeglichQ22": true,
      "istPruefungsordnungsRelevant": true,
      "kuerzel": "D",
      "kuerzelAnzeige": "D",
      "projektKursLeitfach1ID": null,
      "projektKursLeitfach1Kuerzel": null,
      "projektKursLeitfach2ID": null,
      "projektKursLeitfach2Kuerzel": null,
      "sortierung": 10,
      "wochenstundenQualifikationsphase": 3,
    },
    GostFach {
      "bezeichnung": "Englisch",
      "biliSprache": null,
      "id": 17,
      "istFremdSpracheNeuEinsetzend": false,
      "istFremdsprache": true,
      "istMoeglichAbiGK": true,
      "istMoeglichAbiLK": true,
      "istMoeglichEF1": true,
      "istMoeglichEF2": true,
      "istMoeglichQ11": true,
      "istMoeglichQ12": true,
      "istMoeglichQ21": true,
      "istMoeglichQ22": true,
      "istPruefungsordnungsRelevant": true,
      "kuerzel": "E",
      "kuerzelAnzeige": "E",
      "projektKursLeitfach1ID": null,
      "projektKursLeitfach1Kuerzel": null,
      "projektKursLeitfach2ID": null,
      "projektKursLeitfach2Kuerzel": null,
      "sortierung": 50,
      "wochenstundenQualifikationsphase": 3,
    },
    GostFach {
      "bezeichnung": "Französisch ab Klasse 6",
      "biliSprache": null,
      "id": 30,
      "istFremdSpracheNeuEinsetzend": false,
      "istFremdsprache": true,
      "istMoeglichAbiGK": true,
      "istMoeglichAbiLK": true,
      "istMoeglichEF1": true,
      "istMoeglichEF2": true,
      "istMoeglichQ11": true,
      "istMoeglichQ12": true,
      "istMoeglichQ21": true,
      "istMoeglichQ22": true,
      "istPruefungsordnungsRelevant": true,
      "kuerzel": "F6",
      "kuerzelAnzeige": "F",
      "projektKursLeitfach1ID": null,
      "projektKursLeitfach1Kuerzel": null,
      "projektKursLeitfach2ID": null,
      "projektKursLeitfach2Kuerzel": null,
      "sortierung": 30,
      "wochenstundenQualifikationsphase": 3,
    },
    GostFach {
      "bezeichnung": "Lateinisch ab Klasse 6",
      "biliSprache": null,
      "id": 72,
      "istFremdSpracheNeuEinsetzend": false,
      "istFremdsprache": true,
      "istMoeglichAbiGK": true,
      "istMoeglichAbiLK": true,
      "istMoeglichEF1": true,
      "istMoeglichEF2": true,
      "istMoeglichQ11": true,
      "istMoeglichQ12": true,
      "istMoeglichQ21": true,
      "istMoeglichQ22": true,
      "istPruefungsordnungsRelevant": true,
      "kuerzel": "L6",
      "kuerzelAnzeige": "L",
      "projektKursLeitfach1ID": null,
      "projektKursLeitfach1Kuerzel": null,
      "projektKursLeitfach2ID": null,
      "projektKursLeitfach2Kuerzel": null,
      "sortierung": 60,
      "wochenstundenQualifikationsphase": 3,
    },
    GostFach {
      "bezeichnung": "Spanisch ab EF",
      "biliSprache": null,
      "id": 223,
      "istFremdSpracheNeuEinsetzend": true,
      "istFremdsprache": true,
      "istMoeglichAbiGK": true,
      "istMoeglichAbiLK": false,
      "istMoeglichEF1": true,
      "istMoeglichEF2": true,
      "istMoeglichQ11": true,
      "istMoeglichQ12": true,
      "istMoeglichQ21": true,
      "istMoeglichQ22": true,
      "istPruefungsordnungsRelevant": true,
      "kuerzel": "S0",
      "kuerzelAnzeige": "S0",
      "projektKursLeitfach1ID": null,
      "projektKursLeitfach1Kuerzel": null,
      "projektKursLeitfach2ID": null,
      "projektKursLeitfach2Kuerzel": null,
      "sortierung": 40,
      "wochenstundenQualifikationsphase": 4,
    },
    GostFach {
      "bezeichnung": "Spanisch ab Klasse 8",
      "biliSprache": null,
      "id": 165,
      "istFremdSpracheNeuEinsetzend": false,
      "istFremdsprache": true,
      "istMoeglichAbiGK": true,
      "istMoeglichAbiLK": true,
      "istMoeglichEF1": true,
      "istMoeglichEF2": true,
      "istMoeglichQ11": true,
      "istMoeglichQ12": true,
      "istMoeglichQ21": true,
      "istMoeglichQ22": true,
      "istPruefungsordnungsRelevant": true,
      "kuerzel": "S8",
      "kuerzelAnzeige": "S",
      "projektKursLeitfach1ID": null,
      "projektKursLeitfach1Kuerzel": null,
      "projektKursLeitfach2ID": null,
      "projektKursLeitfach2Kuerzel": null,
      "sortierung": 40,
      "wochenstundenQualifikationsphase": 3,
    },
    GostFach {
      "bezeichnung": "Kunsterziehung",
      "biliSprache": null,
      "id": 71,
      "istFremdSpracheNeuEinsetzend": false,
      "istFremdsprache": false,
      "istMoeglichAbiGK": true,
      "istMoeglichAbiLK": true,
      "istMoeglichEF1": true,
      "istMoeglichEF2": true,
      "istMoeglichQ11": true,
      "istMoeglichQ12": true,
      "istMoeglichQ21": true,
      "istMoeglichQ22": true,
      "istPruefungsordnungsRelevant": true,
      "kuerzel": "KU",
      "kuerzelAnzeige": "KU",
      "projektKursLeitfach1ID": null,
      "projektKursLeitfach1Kuerzel": null,
      "projektKursLeitfach2ID": null,
      "projektKursLeitfach2Kuerzel": null,
      "sortierung": 70,
      "wochenstundenQualifikationsphase": 3,
    },
    GostFach {
      "bezeichnung": "Musik",
      "biliSprache": null,
      "id": 81,
      "istFremdSpracheNeuEinsetzend": false,
      "istFremdsprache": false,
      "istMoeglichAbiGK": true,
      "istMoeglichAbiLK": true,
      "istMoeglichEF1": true,
      "istMoeglichEF2": true,
      "istMoeglichQ11": true,
      "istMoeglichQ12": true,
      "istMoeglichQ21": true,
      "istMoeglichQ22": true,
      "istPruefungsordnungsRelevant": true,
      "kuerzel": "MU",
      "kuerzelAnzeige": "MU",
      "projektKursLeitfach1ID": null,
      "projektKursLeitfach1Kuerzel": null,
      "projektKursLeitfach2ID": null,
      "projektKursLeitfach2Kuerzel": null,
      "sortierung": 80,
      "wochenstundenQualifikationsphase": 3,
    },
    GostFach {
      "bezeichnung": "Literatur",
      "biliSprache": null,
      "id": 244,
      "istFremdSpracheNeuEinsetzend": false,
      "istFremdsprache": false,
      "istMoeglichAbiGK": false,
      "istMoeglichAbiLK": false,
      "istMoeglichEF1": false,
      "istMoeglichEF2": false,
      "istMoeglichQ11": true,
      "istMoeglichQ12": true,
      "istMoeglichQ21": false,
      "istMoeglichQ22": false,
      "istPruefungsordnungsRelevant": true,
      "kuerzel": "LI",
      "kuerzelAnzeige": "LI",
      "projektKursLeitfach1ID": null,
      "projektKursLeitfach1Kuerzel": null,
      "projektKursLeitfach2ID": null,
      "projektKursLeitfach2Kuerzel": null,
      "sortierung": 111,
      "wochenstundenQualifikationsphase": 3,
    },
    GostFach {
      "bezeichnung": "Instrumentalpraktischer Grundkurs",
      "biliSprache": null,
      "id": 55,
      "istFremdSpracheNeuEinsetzend": false,
      "istFremdsprache": false,
      "istMoeglichAbiGK": false,
      "istMoeglichAbiLK": false,
      "istMoeglichEF1": false,
      "istMoeglichEF2": false,
      "istMoeglichQ11": true,
      "istMoeglichQ12": true,
      "istMoeglichQ21": false,
      "istMoeglichQ22": false,
      "istPruefungsordnungsRelevant": true,
      "kuerzel": "IN",
      "kuerzelAnzeige": "IP",
      "projektKursLeitfach1ID": null,
      "projektKursLeitfach1Kuerzel": null,
      "projektKursLeitfach2ID": null,
      "projektKursLeitfach2Kuerzel": null,
      "sortierung": 101,
      "wochenstundenQualifikationsphase": 3,
    },
    GostFach {
      "bezeichnung": "Vokalpraktischer Grundkurs",
      "biliSprache": null,
      "id": 239,
      "istFremdSpracheNeuEinsetzend": false,
      "istFremdsprache": false,
      "istMoeglichAbiGK": false,
      "istMoeglichAbiLK": false,
      "istMoeglichEF1": false,
      "istMoeglichEF2": false,
      "istMoeglichQ11": true,
      "istMoeglichQ12": true,
      "istMoeglichQ21": false,
      "istMoeglichQ22": false,
      "istPruefungsordnungsRelevant": true,
      "kuerzel": "VO",
      "kuerzelAnzeige": "VP",
      "projektKursLeitfach1ID": null,
      "projektKursLeitfach1Kuerzel": null,
      "projektKursLeitfach2ID": null,
      "projektKursLeitfach2Kuerzel": null,
      "sortierung": 100,
      "wochenstundenQualifikationsphase": 3,
    },
    GostFach {
      "bezeichnung": "Geschichte",
      "biliSprache": null,
      "id": 37,
      "istFremdSpracheNeuEinsetzend": false,
      "istFremdsprache": false,
      "istMoeglichAbiGK": true,
      "istMoeglichAbiLK": true,
      "istMoeglichEF1": true,
      "istMoeglichEF2": true,
      "istMoeglichQ11": true,
      "istMoeglichQ12": true,
      "istMoeglichQ21": true,
      "istMoeglichQ22": true,
      "istPruefungsordnungsRelevant": true,
      "kuerzel": "GE",
      "kuerzelAnzeige": "GE",
      "projektKursLeitfach1ID": null,
      "projektKursLeitfach1Kuerzel": null,
      "projektKursLeitfach2ID": null,
      "projektKursLeitfach2Kuerzel": null,
      "sortierung": 130,
      "wochenstundenQualifikationsphase": 3,
    },
    GostFach {
      "bezeichnung": "Geschichte bilingual",
      "biliSprache": "E",
      "id": 225,
      "istFremdSpracheNeuEinsetzend": false,
      "istFremdsprache": false,
      "istMoeglichAbiGK": true,
      "istMoeglichAbiLK": true,
      "istMoeglichEF1": true,
      "istMoeglichEF2": true,
      "istMoeglichQ11": true,
      "istMoeglichQ12": true,
      "istMoeglichQ21": true,
      "istMoeglichQ22": true,
      "istPruefungsordnungsRelevant": true,
      "kuerzel": "GE",
      "kuerzelAnzeige": "GEEBI",
      "projektKursLeitfach1ID": null,
      "projektKursLeitfach1Kuerzel": null,
      "projektKursLeitfach2ID": null,
      "projektKursLeitfach2Kuerzel": null,
      "sortierung": 131,
      "wochenstundenQualifikationsphase": 3,
    },
    GostFach {
      "bezeichnung": "Sozialwissenschaften",
      "biliSprache": null,
      "id": 164,
      "istFremdSpracheNeuEinsetzend": false,
      "istFremdsprache": false,
      "istMoeglichAbiGK": true,
      "istMoeglichAbiLK": true,
      "istMoeglichEF1": true,
      "istMoeglichEF2": true,
      "istMoeglichQ11": true,
      "istMoeglichQ12": true,
      "istMoeglichQ21": true,
      "istMoeglichQ22": true,
      "istPruefungsordnungsRelevant": true,
      "kuerzel": "SW",
      "kuerzelAnzeige": "SW",
      "projektKursLeitfach1ID": null,
      "projektKursLeitfach1Kuerzel": null,
      "projektKursLeitfach2ID": null,
      "projektKursLeitfach2Kuerzel": null,
      "sortierung": 150,
      "wochenstundenQualifikationsphase": 3,
    },
    GostFach {
      "bezeichnung": "Erdkunde",
      "biliSprache": null,
      "id": 24,
      "istFremdSpracheNeuEinsetzend": false,
      "istFremdsprache": false,
      "istMoeglichAbiGK": true,
      "istMoeglichAbiLK": true,
      "istMoeglichEF1": true,
      "istMoeglichEF2": true,
      "istMoeglichQ11": true,
      "istMoeglichQ12": true,
      "istMoeglichQ21": true,
      "istMoeglichQ22": true,
      "istPruefungsordnungsRelevant": true,
      "kuerzel": "EK",
      "kuerzelAnzeige": "EK",
      "projektKursLeitfach1ID": null,
      "projektKursLeitfach1Kuerzel": null,
      "projektKursLeitfach2ID": null,
      "projektKursLeitfach2Kuerzel": null,
      "sortierung": 120,
      "wochenstundenQualifikationsphase": 3,
    },
    GostFach {
      "bezeichnung": "Erziehungswissenschaft",
      "biliSprache": null,
      "id": 26,
      "istFremdSpracheNeuEinsetzend": false,
      "istFremdsprache": false,
      "istMoeglichAbiGK": true,
      "istMoeglichAbiLK": true,
      "istMoeglichEF1": true,
      "istMoeglichEF2": true,
      "istMoeglichQ11": true,
      "istMoeglichQ12": true,
      "istMoeglichQ21": true,
      "istMoeglichQ22": true,
      "istPruefungsordnungsRelevant": true,
      "kuerzel": "PA",
      "kuerzelAnzeige": "PA",
      "projektKursLeitfach1ID": null,
      "projektKursLeitfach1Kuerzel": null,
      "projektKursLeitfach2ID": null,
      "projektKursLeitfach2Kuerzel": null,
      "sortierung": 180,
      "wochenstundenQualifikationsphase": 3,
    },
    GostFach {
      "bezeichnung": "Philosophie",
      "biliSprache": null,
      "id": 127,
      "istFremdSpracheNeuEinsetzend": false,
      "istFremdsprache": false,
      "istMoeglichAbiGK": true,
      "istMoeglichAbiLK": true,
      "istMoeglichEF1": true,
      "istMoeglichEF2": true,
      "istMoeglichQ11": true,
      "istMoeglichQ12": true,
      "istMoeglichQ21": true,
      "istMoeglichQ22": true,
      "istPruefungsordnungsRelevant": true,
      "kuerzel": "PL",
      "kuerzelAnzeige": "PL",
      "projektKursLeitfach1ID": null,
      "projektKursLeitfach1Kuerzel": null,
      "projektKursLeitfach2ID": null,
      "projektKursLeitfach2Kuerzel": null,
      "sortierung": 170,
      "wochenstundenQualifikationsphase": 3,
    },
    GostFach {
      "bezeichnung": "Ev. Religionslehre",
      "biliSprache": null,
      "id": 27,
      "istFremdSpracheNeuEinsetzend": false,
      "istFremdsprache": false,
      "istMoeglichAbiGK": true,
      "istMoeglichAbiLK": true,
      "istMoeglichEF1": true,
      "istMoeglichEF2": true,
      "istMoeglichQ11": true,
      "istMoeglichQ12": true,
      "istMoeglichQ21": true,
      "istMoeglichQ22": true,
      "istPruefungsordnungsRelevant": true,
      "kuerzel": "ER",
      "kuerzelAnzeige": "ER",
      "projektKursLeitfach1ID": null,
      "projektKursLeitfach1Kuerzel": null,
      "projektKursLeitfach2ID": null,
      "projektKursLeitfach2Kuerzel": null,
      "sortierung": 185,
      "wochenstundenQualifikationsphase": 3,
    },
    GostFach {
      "bezeichnung": "Kath. Religionslehre",
      "biliSprache": null,
      "id": 70,
      "istFremdSpracheNeuEinsetzend": false,
      "istFremdsprache": false,
      "istMoeglichAbiGK": true,
      "istMoeglichAbiLK": true,
      "istMoeglichEF1": true,
      "istMoeglichEF2": true,
      "istMoeglichQ11": true,
      "istMoeglichQ12": true,
      "istMoeglichQ21": true,
      "istMoeglichQ22": true,
      "istPruefungsordnungsRelevant": true,
      "kuerzel": "KR",
      "kuerzelAnzeige": "KR",
      "projektKursLeitfach1ID": null,
      "projektKursLeitfach1Kuerzel": null,
      "projektKursLeitfach2ID": null,
      "projektKursLeitfach2Kuerzel": null,
      "sortierung": 186,
      "wochenstundenQualifikationsphase": 3,
    },
    GostFach {
      "bezeichnung": "Mathematik",
      "biliSprache": null,
      "id": 79,
      "istFremdSpracheNeuEinsetzend": false,
      "istFremdsprache": false,
      "istMoeglichAbiGK": true,
      "istMoeglichAbiLK": true,
      "istMoeglichEF1": true,
      "istMoeglichEF2": true,
      "istMoeglichQ11": true,
      "istMoeglichQ12": true,
      "istMoeglichQ21": true,
      "istMoeglichQ22": true,
      "istPruefungsordnungsRelevant": true,
      "kuerzel": "M",
      "kuerzelAnzeige": "M",
      "projektKursLeitfach1ID": null,
      "projektKursLeitfach1Kuerzel": null,
      "projektKursLeitfach2ID": null,
      "projektKursLeitfach2Kuerzel": null,
      "sortierung": 190,
      "wochenstundenQualifikationsphase": 3,
    },
    GostFach {
      "bezeichnung": "Biologie",
      "biliSprache": null,
      "id": 192,
      "istFremdSpracheNeuEinsetzend": false,
      "istFremdsprache": false,
      "istMoeglichAbiGK": true,
      "istMoeglichAbiLK": true,
      "istMoeglichEF1": true,
      "istMoeglichEF2": true,
      "istMoeglichQ11": true,
      "istMoeglichQ12": true,
      "istMoeglichQ21": true,
      "istMoeglichQ22": true,
      "istPruefungsordnungsRelevant": true,
      "kuerzel": "BI",
      "kuerzelAnzeige": "BI",
      "projektKursLeitfach1ID": null,
      "projektKursLeitfach1Kuerzel": null,
      "projektKursLeitfach2ID": null,
      "projektKursLeitfach2Kuerzel": null,
      "sortierung": 200,
      "wochenstundenQualifikationsphase": 3,
    },
    GostFach {
      "bezeichnung": "Biologie bilingual",
      "biliSprache": "E",
      "id": 224,
      "istFremdSpracheNeuEinsetzend": false,
      "istFremdsprache": false,
      "istMoeglichAbiGK": true,
      "istMoeglichAbiLK": true,
      "istMoeglichEF1": true,
      "istMoeglichEF2": true,
      "istMoeglichQ11": true,
      "istMoeglichQ12": true,
      "istMoeglichQ21": true,
      "istMoeglichQ22": true,
      "istPruefungsordnungsRelevant": true,
      "kuerzel": "BI",
      "kuerzelAnzeige": "BIEBI",
      "projektKursLeitfach1ID": null,
      "projektKursLeitfach1Kuerzel": null,
      "projektKursLeitfach2ID": null,
      "projektKursLeitfach2Kuerzel": null,
      "sortierung": 201,
      "wochenstundenQualifikationsphase": 3,
    },
    GostFach {
      "bezeichnung": "Chemie",
      "biliSprache": null,
      "id": 8,
      "istFremdSpracheNeuEinsetzend": false,
      "istFremdsprache": false,
      "istMoeglichAbiGK": true,
      "istMoeglichAbiLK": true,
      "istMoeglichEF1": true,
      "istMoeglichEF2": true,
      "istMoeglichQ11": true,
      "istMoeglichQ12": true,
      "istMoeglichQ21": true,
      "istMoeglichQ22": true,
      "istPruefungsordnungsRelevant": true,
      "kuerzel": "CH",
      "kuerzelAnzeige": "CH",
      "projektKursLeitfach1ID": null,
      "projektKursLeitfach1Kuerzel": null,
      "projektKursLeitfach2ID": null,
      "projektKursLeitfach2Kuerzel": null,
      "sortierung": 210,
      "wochenstundenQualifikationsphase": 3,
    },
    GostFach {
      "bezeichnung": "Physik",
      "biliSprache": null,
      "id": 128,
      "istFremdSpracheNeuEinsetzend": false,
      "istFremdsprache": false,
      "istMoeglichAbiGK": true,
      "istMoeglichAbiLK": true,
      "istMoeglichEF1": true,
      "istMoeglichEF2": true,
      "istMoeglichQ11": true,
      "istMoeglichQ12": true,
      "istMoeglichQ21": true,
      "istMoeglichQ22": true,
      "istPruefungsordnungsRelevant": true,
      "kuerzel": "PH",
      "kuerzelAnzeige": "PH",
      "projektKursLeitfach1ID": null,
      "projektKursLeitfach1Kuerzel": null,
      "projektKursLeitfach2ID": null,
      "projektKursLeitfach2Kuerzel": null,
      "sortierung": 220,
      "wochenstundenQualifikationsphase": 3,
    },
    GostFach {
      "bezeichnung": "Informatik",
      "biliSprache": null,
      "id": 193,
      "istFremdSpracheNeuEinsetzend": false,
      "istFremdsprache": false,
      "istMoeglichAbiGK": true,
      "istMoeglichAbiLK": true,
      "istMoeglichEF1": true,
      "istMoeglichEF2": true,
      "istMoeglichQ11": true,
      "istMoeglichQ12": true,
      "istMoeglichQ21": true,
      "istMoeglichQ22": true,
      "istPruefungsordnungsRelevant": true,
      "kuerzel": "IF",
      "kuerzelAnzeige": "IF",
      "projektKursLeitfach1ID": null,
      "projektKursLeitfach1Kuerzel": null,
      "projektKursLeitfach2ID": null,
      "projektKursLeitfach2Kuerzel": null,
      "sortierung": 230,
      "wochenstundenQualifikationsphase": 3,
    },
    GostFach {
      "bezeichnung": "Sport",
      "biliSprache": null,
      "id": 172,
      "istFremdSpracheNeuEinsetzend": false,
      "istFremdsprache": false,
      "istMoeglichAbiGK": false,
      "istMoeglichAbiLK": true,
      "istMoeglichEF1": true,
      "istMoeglichEF2": true,
      "istMoeglichQ11": true,
      "istMoeglichQ12": true,
      "istMoeglichQ21": true,
      "istMoeglichQ22": true,
      "istPruefungsordnungsRelevant": true,
      "kuerzel": "SP",
      "kuerzelAnzeige": "SP",
      "projektKursLeitfach1ID": null,
      "projektKursLeitfach1Kuerzel": null,
      "projektKursLeitfach2ID": null,
      "projektKursLeitfach2Kuerzel": null,
      "sortierung": 260,
      "wochenstundenQualifikationsphase": 3,
    },
    GostFach {
      "bezeichnung": "Vertiefungsfach Deutsch",
      "biliSprache": null,
      "id": 210,
      "istFremdSpracheNeuEinsetzend": false,
      "istFremdsprache": false,
      "istMoeglichAbiGK": false,
      "istMoeglichAbiLK": false,
      "istMoeglichEF1": true,
      "istMoeglichEF2": true,
      "istMoeglichQ11": true,
      "istMoeglichQ12": true,
      "istMoeglichQ21": true,
      "istMoeglichQ22": true,
      "istPruefungsordnungsRelevant": true,
      "kuerzel": "VX",
      "kuerzelAnzeige": "VFD",
      "projektKursLeitfach1ID": null,
      "projektKursLeitfach1Kuerzel": null,
      "projektKursLeitfach2ID": null,
      "projektKursLeitfach2Kuerzel": null,
      "sortierung": 280,
      "wochenstundenQualifikationsphase": 2,
    },
    GostFach {
      "bezeichnung": "Vertiefungsfach Englisch",
      "biliSprache": null,
      "id": 212,
      "istFremdSpracheNeuEinsetzend": false,
      "istFremdsprache": false,
      "istMoeglichAbiGK": false,
      "istMoeglichAbiLK": false,
      "istMoeglichEF1": true,
      "istMoeglichEF2": true,
      "istMoeglichQ11": true,
      "istMoeglichQ12": true,
      "istMoeglichQ21": true,
      "istMoeglichQ22": true,
      "istPruefungsordnungsRelevant": true,
      "kuerzel": "VX",
      "kuerzelAnzeige": "VFE",
      "projektKursLeitfach1ID": null,
      "projektKursLeitfach1Kuerzel": null,
      "projektKursLeitfach2ID": null,
      "projektKursLeitfach2Kuerzel": null,
      "sortierung": 290,
      "wochenstundenQualifikationsphase": 2,
    },
    GostFach {
      "bezeichnung": "Vertiefungsfach Mathematik",
      "biliSprache": null,
      "id": 213,
      "istFremdSpracheNeuEinsetzend": false,
      "istFremdsprache": false,
      "istMoeglichAbiGK": false,
      "istMoeglichAbiLK": false,
      "istMoeglichEF1": true,
      "istMoeglichEF2": true,
      "istMoeglichQ11": true,
      "istMoeglichQ12": true,
      "istMoeglichQ21": true,
      "istMoeglichQ22": true,
      "istPruefungsordnungsRelevant": true,
      "kuerzel": "VX",
      "kuerzelAnzeige": "VFM",
      "projektKursLeitfach1ID": null,
      "projektKursLeitfach1Kuerzel": null,
      "projektKursLeitfach2ID": null,
      "projektKursLeitfach2Kuerzel": null,
      "sortierung": 300,
      "wochenstundenQualifikationsphase": 2,
    },
    GostFach {
      "bezeichnung": "Projektkurs Englisch",
      "biliSprache": null,
      "id": 233,
      "istFremdSpracheNeuEinsetzend": false,
      "istFremdsprache": true,
      "istMoeglichAbiGK": false,
      "istMoeglichAbiLK": false,
      "istMoeglichEF1": false,
      "istMoeglichEF2": false,
      "istMoeglichQ11": true,
      "istMoeglichQ12": true,
      "istMoeglichQ21": false,
      "istMoeglichQ22": false,
      "istPruefungsordnungsRelevant": true,
      "kuerzel": "PX",
      "kuerzelAnzeige": "PK-E",
      "projektKursLeitfach1ID": 17,
      "projektKursLeitfach1Kuerzel": "E",
      "projektKursLeitfach2ID": null,
      "projektKursLeitfach2Kuerzel": null,
      "sortierung": 2001,
      "wochenstundenQualifikationsphase": 2,
    },
    GostFach {
      "bezeichnung": "Projektkurs Biologie",
      "biliSprache": null,
      "id": 234,
      "istFremdSpracheNeuEinsetzend": false,
      "istFremdsprache": false,
      "istMoeglichAbiGK": false,
      "istMoeglichAbiLK": false,
      "istMoeglichEF1": false,
      "istMoeglichEF2": false,
      "istMoeglichQ11": true,
      "istMoeglichQ12": true,
      "istMoeglichQ21": false,
      "istMoeglichQ22": false,
      "istPruefungsordnungsRelevant": true,
      "kuerzel": "PX",
      "kuerzelAnzeige": "PK-BI",
      "projektKursLeitfach1ID": 192,
      "projektKursLeitfach1Kuerzel": "BI",
      "projektKursLeitfach2ID": null,
      "projektKursLeitfach2Kuerzel": null,
      "sortierung": 2005,
      "wochenstundenQualifikationsphase": 2,
    },
    GostFach {
      "bezeichnung": "Projektkurs Informatik",
      "biliSprache": null,
      "id": 235,
      "istFremdSpracheNeuEinsetzend": false,
      "istFremdsprache": false,
      "istMoeglichAbiGK": false,
      "istMoeglichAbiLK": false,
      "istMoeglichEF1": false,
      "istMoeglichEF2": false,
      "istMoeglichQ11": true,
      "istMoeglichQ12": true,
      "istMoeglichQ21": false,
      "istMoeglichQ22": false,
      "istPruefungsordnungsRelevant": true,
      "kuerzel": "PX",
      "kuerzelAnzeige": "PK-IF",
      "projektKursLeitfach1ID": 193,
      "projektKursLeitfach1Kuerzel": "IF",
      "projektKursLeitfach2ID": 79,
      "projektKursLeitfach2Kuerzel": "M",
      "sortierung": 2009,
      "wochenstundenQualifikationsphase": 2,
    },
    GostFach {
      "bezeichnung": "Projektkurs",
      "biliSprache": null,
      "id": 240,
      "istFremdSpracheNeuEinsetzend": false,
      "istFremdsprache": false,
      "istMoeglichAbiGK": false,
      "istMoeglichAbiLK": false,
      "istMoeglichEF1": false,
      "istMoeglichEF2": false,
      "istMoeglichQ11": true,
      "istMoeglichQ12": true,
      "istMoeglichQ21": false,
      "istMoeglichQ22": false,
      "istPruefungsordnungsRelevant": true,
      "kuerzel": "PX",
      "kuerzelAnzeige": "PK-MPI",
      "projektKursLeitfach1ID": 79,
      "projektKursLeitfach1Kuerzel": "M",
      "projektKursLeitfach2ID": 128,
      "projektKursLeitfach2Kuerzel": "PH",
      "sortierung": 2010,
      "wochenstundenQualifikationsphase": 2,
    },
    GostFach {
      "bezeichnung": "Projektkurs Tanz",
      "biliSprache": null,
      "id": 236,
      "istFremdSpracheNeuEinsetzend": false,
      "istFremdsprache": false,
      "istMoeglichAbiGK": false,
      "istMoeglichAbiLK": false,
      "istMoeglichEF1": false,
      "istMoeglichEF2": false,
      "istMoeglichQ11": true,
      "istMoeglichQ12": true,
      "istMoeglichQ21": false,
      "istMoeglichQ22": false,
      "istPruefungsordnungsRelevant": true,
      "kuerzel": "PX",
      "kuerzelAnzeige": "PK-Tanz",
      "projektKursLeitfach1ID": 172,
      "projektKursLeitfach1Kuerzel": "SP",
      "projektKursLeitfach2ID": 17,
      "projektKursLeitfach2Kuerzel": "E",
      "sortierung": 2020,
      "wochenstundenQualifikationsphase": 2,
    },
    GostFach {
      "bezeichnung": "Projektkurs Sport",
      "biliSprache": null,
      "id": 237,
      "istFremdSpracheNeuEinsetzend": false,
      "istFremdsprache": false,
      "istMoeglichAbiGK": false,
      "istMoeglichAbiLK": false,
      "istMoeglichEF1": false,
      "istMoeglichEF2": false,
      "istMoeglichQ11": true,
      "istMoeglichQ12": true,
      "istMoeglichQ21": false,
      "istMoeglichQ22": false,
      "istPruefungsordnungsRelevant": true,
      "kuerzel": "PX",
      "kuerzelAnzeige": "PK-Sp",
      "projektKursLeitfach1ID": 172,
      "projektKursLeitfach1Kuerzel": "SP",
      "projektKursLeitfach2ID": 192,
      "projektKursLeitfach2Kuerzel": "BI",
      "sortierung": 2030,
      "wochenstundenQualifikationsphase": 2,
    },
  ],
  "getFirst": [Function],
  "getLast": [Function],
  "modCount": 35,
  "removeFirst": [Function],
  "removeLast": [Function],
}
`;

exports[`Gesamtschule Tests > gegen { schema: 'GymAbi01' } > getGostSchuelerLeistungsdaten 1`] = `
GostLeistungen {
  "aktuellerJahrgang": "EF",
  "aktuellesSchuljahr": 2018,
  "bewertetesHalbjahr": [
    true,
    true,
    false,
    false,
    false,
    false,
  ],
  "bilingualeSprache": null,
  "faecher": ArrayList {
    "addFirst": [Function],
    "addLast": [Function],
    "elementData": [
      GostLeistungenFachwahl {
        "abiturfach": null,
        "belegungen": ArrayList {
          "addFirst": [Function],
          "addLast": [Function],
          "elementData": [
            GostLeistungenFachbelegung {
              "abschnitt": 1,
              "abschnittGewertet": true,
              "bilingualeSprache": null,
              "fehlstundenGesamt": 0,
              "fehlstundenUnentschuldigt": 0,
              "halbjahrKuerzel": "EF.1",
              "id": 375782,
              "istSchriftlich": true,
              "jahrgang": "EF",
              "kursartKuerzel": "GK",
              "lehrer": 24,
              "notenKuerzel": "3",
              "schuljahr": 2018,
              "wochenstunden": 3,
            },
            GostLeistungenFachbelegung {
              "abschnitt": 2,
              "abschnittGewertet": true,
              "bilingualeSprache": null,
              "fehlstundenGesamt": 0,
              "fehlstundenUnentschuldigt": 0,
              "halbjahrKuerzel": "EF.2",
              "id": 395998,
              "istSchriftlich": true,
              "jahrgang": "EF",
              "kursartKuerzel": "GK",
              "lehrer": 21,
              "notenKuerzel": "3",
              "schuljahr": 2018,
              "wochenstunden": 3,
            },
          ],
          "getFirst": [Function],
          "getLast": [Function],
          "modCount": 2,
          "removeFirst": [Function],
          "removeLast": [Function],
        },
        "fach": GostFach {
          "bezeichnung": "Deutsch",
          "biliSprache": null,
          "id": 16,
          "istFremdSpracheNeuEinsetzend": false,
          "istFremdsprache": false,
          "istMoeglichAbiGK": true,
          "istMoeglichAbiLK": true,
          "istMoeglichEF1": true,
          "istMoeglichEF2": true,
          "istMoeglichQ11": true,
          "istMoeglichQ12": true,
          "istMoeglichQ21": true,
          "istMoeglichQ22": true,
          "istPruefungsordnungsRelevant": true,
          "kuerzel": "D",
          "kuerzelAnzeige": "D",
          "projektKursLeitfach1ID": null,
          "projektKursLeitfach1Kuerzel": null,
          "projektKursLeitfach2ID": null,
          "projektKursLeitfach2Kuerzel": null,
          "sortierung": 10,
          "wochenstundenQualifikationsphase": 3,
        },
        "istFSNeu": false,
      },
      GostLeistungenFachwahl {
        "abiturfach": null,
        "belegungen": ArrayList {
          "addFirst": [Function],
          "addLast": [Function],
          "elementData": [
            GostLeistungenFachbelegung {
              "abschnitt": 1,
              "abschnittGewertet": true,
              "bilingualeSprache": null,
              "fehlstundenGesamt": 0,
              "fehlstundenUnentschuldigt": 0,
              "halbjahrKuerzel": "EF.1",
              "id": 376001,
              "istSchriftlich": true,
              "jahrgang": "EF",
              "kursartKuerzel": "GK",
              "lehrer": 45,
              "notenKuerzel": "4",
              "schuljahr": 2018,
              "wochenstunden": 3,
            },
            GostLeistungenFachbelegung {
              "abschnitt": 2,
              "abschnittGewertet": true,
              "bilingualeSprache": null,
              "fehlstundenGesamt": 0,
              "fehlstundenUnentschuldigt": 0,
              "halbjahrKuerzel": "EF.2",
              "id": 396434,
              "istSchriftlich": true,
              "jahrgang": "EF",
              "kursartKuerzel": "GK",
              "lehrer": 10,
              "notenKuerzel": "4",
              "schuljahr": 2018,
              "wochenstunden": 3,
            },
          ],
          "getFirst": [Function],
          "getLast": [Function],
          "modCount": 2,
          "removeFirst": [Function],
          "removeLast": [Function],
        },
        "fach": GostFach {
          "bezeichnung": "Englisch",
          "biliSprache": null,
          "id": 17,
          "istFremdSpracheNeuEinsetzend": false,
          "istFremdsprache": true,
          "istMoeglichAbiGK": true,
          "istMoeglichAbiLK": true,
          "istMoeglichEF1": true,
          "istMoeglichEF2": true,
          "istMoeglichQ11": true,
          "istMoeglichQ12": true,
          "istMoeglichQ21": true,
          "istMoeglichQ22": true,
          "istPruefungsordnungsRelevant": true,
          "kuerzel": "E",
          "kuerzelAnzeige": "E",
          "projektKursLeitfach1ID": null,
          "projektKursLeitfach1Kuerzel": null,
          "projektKursLeitfach2ID": null,
          "projektKursLeitfach2Kuerzel": null,
          "sortierung": 50,
          "wochenstundenQualifikationsphase": 3,
        },
        "istFSNeu": false,
      },
      GostLeistungenFachwahl {
        "abiturfach": null,
        "belegungen": ArrayList {
          "addFirst": [Function],
          "addLast": [Function],
          "elementData": [
            GostLeistungenFachbelegung {
              "abschnitt": 1,
              "abschnittGewertet": true,
              "bilingualeSprache": null,
              "fehlstundenGesamt": 0,
              "fehlstundenUnentschuldigt": 0,
              "halbjahrKuerzel": "EF.1",
              "id": 376130,
              "istSchriftlich": false,
              "jahrgang": "EF",
              "kursartKuerzel": "GK",
              "lehrer": 73,
              "notenKuerzel": "3",
              "schuljahr": 2018,
              "wochenstunden": 3,
            },
            GostLeistungenFachbelegung {
              "abschnitt": 2,
              "abschnittGewertet": true,
              "bilingualeSprache": null,
              "fehlstundenGesamt": 0,
              "fehlstundenUnentschuldigt": 0,
              "halbjahrKuerzel": "EF.2",
              "id": 396690,
              "istSchriftlich": false,
              "jahrgang": "EF",
              "kursartKuerzel": "GK",
              "lehrer": 73,
              "notenKuerzel": "3",
              "schuljahr": 2018,
              "wochenstunden": 3,
            },
          ],
          "getFirst": [Function],
          "getLast": [Function],
          "modCount": 2,
          "removeFirst": [Function],
          "removeLast": [Function],
        },
        "fach": GostFach {
          "bezeichnung": "Kunsterziehung",
          "biliSprache": null,
          "id": 71,
          "istFremdSpracheNeuEinsetzend": false,
          "istFremdsprache": false,
          "istMoeglichAbiGK": true,
          "istMoeglichAbiLK": true,
          "istMoeglichEF1": true,
          "istMoeglichEF2": true,
          "istMoeglichQ11": true,
          "istMoeglichQ12": true,
          "istMoeglichQ21": true,
          "istMoeglichQ22": true,
          "istPruefungsordnungsRelevant": true,
          "kuerzel": "KU",
          "kuerzelAnzeige": "KU",
          "projektKursLeitfach1ID": null,
          "projektKursLeitfach1Kuerzel": null,
          "projektKursLeitfach2ID": null,
          "projektKursLeitfach2Kuerzel": null,
          "sortierung": 70,
          "wochenstundenQualifikationsphase": 3,
        },
        "istFSNeu": false,
      },
      GostLeistungenFachwahl {
        "abiturfach": null,
        "belegungen": ArrayList {
          "addFirst": [Function],
          "addLast": [Function],
          "elementData": [
            GostLeistungenFachbelegung {
              "abschnitt": 1,
              "abschnittGewertet": true,
              "bilingualeSprache": null,
              "fehlstundenGesamt": 0,
              "fehlstundenUnentschuldigt": 0,
              "halbjahrKuerzel": "EF.1",
              "id": 376273,
              "istSchriftlich": false,
              "jahrgang": "EF",
              "kursartKuerzel": "GK",
              "lehrer": 52,
              "notenKuerzel": "4",
              "schuljahr": 2018,
              "wochenstunden": 3,
            },
            GostLeistungenFachbelegung {
              "abschnitt": 2,
              "abschnittGewertet": true,
              "bilingualeSprache": null,
              "fehlstundenGesamt": 0,
              "fehlstundenUnentschuldigt": 0,
              "halbjahrKuerzel": "EF.2",
              "id": 396976,
              "istSchriftlich": true,
              "jahrgang": "EF",
              "kursartKuerzel": "GK",
              "lehrer": 52,
              "notenKuerzel": "3",
              "schuljahr": 2018,
              "wochenstunden": 3,
            },
          ],
          "getFirst": [Function],
          "getLast": [Function],
          "modCount": 2,
          "removeFirst": [Function],
          "removeLast": [Function],
        },
        "fach": GostFach {
          "bezeichnung": "Geschichte",
          "biliSprache": null,
          "id": 37,
          "istFremdSpracheNeuEinsetzend": false,
          "istFremdsprache": false,
          "istMoeglichAbiGK": true,
          "istMoeglichAbiLK": true,
          "istMoeglichEF1": true,
          "istMoeglichEF2": true,
          "istMoeglichQ11": true,
          "istMoeglichQ12": true,
          "istMoeglichQ21": true,
          "istMoeglichQ22": true,
          "istPruefungsordnungsRelevant": true,
          "kuerzel": "GE",
          "kuerzelAnzeige": "GE",
          "projektKursLeitfach1ID": null,
          "projektKursLeitfach1Kuerzel": null,
          "projektKursLeitfach2ID": null,
          "projektKursLeitfach2Kuerzel": null,
          "sortierung": 130,
          "wochenstundenQualifikationsphase": 3,
        },
        "istFSNeu": false,
      },
      GostLeistungenFachwahl {
        "abiturfach": null,
        "belegungen": ArrayList {
          "addFirst": [Function],
          "addLast": [Function],
          "elementData": [
            GostLeistungenFachbelegung {
              "abschnitt": 1,
              "abschnittGewertet": true,
              "bilingualeSprache": null,
              "fehlstundenGesamt": 0,
              "fehlstundenUnentschuldigt": 0,
              "halbjahrKuerzel": "EF.1",
              "id": 376421,
              "istSchriftlich": false,
              "jahrgang": "EF",
              "kursartKuerzel": "GK",
              "lehrer": 49,
              "notenKuerzel": "3",
              "schuljahr": 2018,
              "wochenstunden": 3,
            },
            GostLeistungenFachbelegung {
              "abschnitt": 2,
              "abschnittGewertet": true,
              "bilingualeSprache": null,
              "fehlstundenGesamt": 0,
              "fehlstundenUnentschuldigt": 0,
              "halbjahrKuerzel": "EF.2",
              "id": 397272,
              "istSchriftlich": false,
              "jahrgang": "EF",
              "kursartKuerzel": "GK",
              "lehrer": 49,
              "notenKuerzel": "4",
              "schuljahr": 2018,
              "wochenstunden": 3,
            },
          ],
          "getFirst": [Function],
          "getLast": [Function],
          "modCount": 2,
          "removeFirst": [Function],
          "removeLast": [Function],
        },
        "fach": GostFach {
          "bezeichnung": "Sozialwissenschaften",
          "biliSprache": null,
          "id": 164,
          "istFremdSpracheNeuEinsetzend": false,
          "istFremdsprache": false,
          "istMoeglichAbiGK": true,
          "istMoeglichAbiLK": true,
          "istMoeglichEF1": true,
          "istMoeglichEF2": true,
          "istMoeglichQ11": true,
          "istMoeglichQ12": true,
          "istMoeglichQ21": true,
          "istMoeglichQ22": true,
          "istPruefungsordnungsRelevant": true,
          "kuerzel": "SW",
          "kuerzelAnzeige": "SW",
          "projektKursLeitfach1ID": null,
          "projektKursLeitfach1Kuerzel": null,
          "projektKursLeitfach2ID": null,
          "projektKursLeitfach2Kuerzel": null,
          "sortierung": 150,
          "wochenstundenQualifikationsphase": 3,
        },
        "istFSNeu": false,
      },
      GostLeistungenFachwahl {
        "abiturfach": null,
        "belegungen": ArrayList {
          "addFirst": [Function],
          "addLast": [Function],
          "elementData": [
            GostLeistungenFachbelegung {
              "abschnitt": 1,
              "abschnittGewertet": true,
              "bilingualeSprache": null,
              "fehlstundenGesamt": 0,
              "fehlstundenUnentschuldigt": 0,
              "halbjahrKuerzel": "EF.1",
              "id": 376520,
              "istSchriftlich": true,
              "jahrgang": "EF",
              "kursartKuerzel": "GK",
              "lehrer": 38,
              "notenKuerzel": "4",
              "schuljahr": 2018,
              "wochenstunden": 3,
            },
            GostLeistungenFachbelegung {
              "abschnitt": 2,
              "abschnittGewertet": true,
              "bilingualeSprache": null,
              "fehlstundenGesamt": 0,
              "fehlstundenUnentschuldigt": 0,
              "halbjahrKuerzel": "EF.2",
              "id": 397464,
              "istSchriftlich": true,
              "jahrgang": "EF",
              "kursartKuerzel": "GK",
              "lehrer": 21,
              "notenKuerzel": "3",
              "schuljahr": 2018,
              "wochenstunden": 3,
            },
          ],
          "getFirst": [Function],
          "getLast": [Function],
          "modCount": 2,
          "removeFirst": [Function],
          "removeLast": [Function],
        },
        "fach": GostFach {
          "bezeichnung": "Erziehungswissenschaft",
          "biliSprache": null,
          "id": 26,
          "istFremdSpracheNeuEinsetzend": false,
          "istFremdsprache": false,
          "istMoeglichAbiGK": true,
          "istMoeglichAbiLK": true,
          "istMoeglichEF1": true,
          "istMoeglichEF2": true,
          "istMoeglichQ11": true,
          "istMoeglichQ12": true,
          "istMoeglichQ21": true,
          "istMoeglichQ22": true,
          "istPruefungsordnungsRelevant": true,
          "kuerzel": "PA",
          "kuerzelAnzeige": "PA",
          "projektKursLeitfach1ID": null,
          "projektKursLeitfach1Kuerzel": null,
          "projektKursLeitfach2ID": null,
          "projektKursLeitfach2Kuerzel": null,
          "sortierung": 180,
          "wochenstundenQualifikationsphase": 3,
        },
        "istFSNeu": false,
      },
      GostLeistungenFachwahl {
        "abiturfach": null,
        "belegungen": ArrayList {
          "addFirst": [Function],
          "addLast": [Function],
          "elementData": [
            GostLeistungenFachbelegung {
              "abschnitt": 1,
              "abschnittGewertet": true,
              "bilingualeSprache": null,
              "fehlstundenGesamt": 0,
              "fehlstundenUnentschuldigt": 0,
              "halbjahrKuerzel": "EF.1",
              "id": 376574,
              "istSchriftlich": false,
              "jahrgang": "EF",
              "kursartKuerzel": "GK",
              "lehrer": 31,
              "notenKuerzel": "3",
              "schuljahr": 2018,
              "wochenstunden": 3,
            },
            GostLeistungenFachbelegung {
              "abschnitt": 2,
              "abschnittGewertet": true,
              "bilingualeSprache": null,
              "fehlstundenGesamt": 0,
              "fehlstundenUnentschuldigt": 0,
              "halbjahrKuerzel": "EF.2",
              "id": 397564,
              "istSchriftlich": false,
              "jahrgang": "EF",
              "kursartKuerzel": "GK",
              "lehrer": 31,
              "notenKuerzel": "3",
              "schuljahr": 2018,
              "wochenstunden": 3,
            },
          ],
          "getFirst": [Function],
          "getLast": [Function],
          "modCount": 2,
          "removeFirst": [Function],
          "removeLast": [Function],
        },
        "fach": GostFach {
          "bezeichnung": "Ev. Religionslehre",
          "biliSprache": null,
          "id": 27,
          "istFremdSpracheNeuEinsetzend": false,
          "istFremdsprache": false,
          "istMoeglichAbiGK": true,
          "istMoeglichAbiLK": true,
          "istMoeglichEF1": true,
          "istMoeglichEF2": true,
          "istMoeglichQ11": true,
          "istMoeglichQ12": true,
          "istMoeglichQ21": true,
          "istMoeglichQ22": true,
          "istPruefungsordnungsRelevant": true,
          "kuerzel": "ER",
          "kuerzelAnzeige": "ER",
          "projektKursLeitfach1ID": null,
          "projektKursLeitfach1Kuerzel": null,
          "projektKursLeitfach2ID": null,
          "projektKursLeitfach2Kuerzel": null,
          "sortierung": 185,
          "wochenstundenQualifikationsphase": 3,
        },
        "istFSNeu": false,
      },
      GostLeistungenFachwahl {
        "abiturfach": null,
        "belegungen": ArrayList {
          "addFirst": [Function],
          "addLast": [Function],
          "elementData": [
            GostLeistungenFachbelegung {
              "abschnitt": 1,
              "abschnittGewertet": true,
              "bilingualeSprache": null,
              "fehlstundenGesamt": 0,
              "fehlstundenUnentschuldigt": 0,
              "halbjahrKuerzel": "EF.1",
              "id": 376657,
              "istSchriftlich": true,
              "jahrgang": "EF",
              "kursartKuerzel": "GK",
              "lehrer": 67,
              "notenKuerzel": "5",
              "schuljahr": 2018,
              "wochenstunden": 3,
            },
            GostLeistungenFachbelegung {
              "abschnitt": 2,
              "abschnittGewertet": true,
              "bilingualeSprache": null,
              "fehlstundenGesamt": 0,
              "fehlstundenUnentschuldigt": 0,
              "halbjahrKuerzel": "EF.2",
              "id": 397732,
              "istSchriftlich": true,
              "jahrgang": "EF",
              "kursartKuerzel": "GK",
              "lehrer": 67,
              "notenKuerzel": "5",
              "schuljahr": 2018,
              "wochenstunden": 3,
            },
          ],
          "getFirst": [Function],
          "getLast": [Function],
          "modCount": 2,
          "removeFirst": [Function],
          "removeLast": [Function],
        },
        "fach": GostFach {
          "bezeichnung": "Mathematik",
          "biliSprache": null,
          "id": 79,
          "istFremdSpracheNeuEinsetzend": false,
          "istFremdsprache": false,
          "istMoeglichAbiGK": true,
          "istMoeglichAbiLK": true,
          "istMoeglichEF1": true,
          "istMoeglichEF2": true,
          "istMoeglichQ11": true,
          "istMoeglichQ12": true,
          "istMoeglichQ21": true,
          "istMoeglichQ22": true,
          "istPruefungsordnungsRelevant": true,
          "kuerzel": "M",
          "kuerzelAnzeige": "M",
          "projektKursLeitfach1ID": null,
          "projektKursLeitfach1Kuerzel": null,
          "projektKursLeitfach2ID": null,
          "projektKursLeitfach2Kuerzel": null,
          "sortierung": 190,
          "wochenstundenQualifikationsphase": 3,
        },
        "istFSNeu": false,
      },
      GostLeistungenFachwahl {
        "abiturfach": null,
        "belegungen": ArrayList {
          "addFirst": [Function],
          "addLast": [Function],
          "elementData": [
            GostLeistungenFachbelegung {
              "abschnitt": 1,
              "abschnittGewertet": true,
              "bilingualeSprache": null,
              "fehlstundenGesamt": 0,
              "fehlstundenUnentschuldigt": 0,
              "halbjahrKuerzel": "EF.1",
              "id": 376753,
              "istSchriftlich": true,
              "jahrgang": "EF",
              "kursartKuerzel": "GK",
              "lehrer": 77,
              "notenKuerzel": "4",
              "schuljahr": 2018,
              "wochenstunden": 3,
            },
            GostLeistungenFachbelegung {
              "abschnitt": 2,
              "abschnittGewertet": true,
              "bilingualeSprache": null,
              "fehlstundenGesamt": 0,
              "fehlstundenUnentschuldigt": 0,
              "halbjahrKuerzel": "EF.2",
              "id": 397922,
              "istSchriftlich": true,
              "jahrgang": "EF",
              "kursartKuerzel": "GK",
              "lehrer": 77,
              "notenKuerzel": "3",
              "schuljahr": 2018,
              "wochenstunden": 3,
            },
          ],
          "getFirst": [Function],
          "getLast": [Function],
          "modCount": 2,
          "removeFirst": [Function],
          "removeLast": [Function],
        },
        "fach": GostFach {
          "bezeichnung": "Biologie",
          "biliSprache": null,
          "id": 192,
          "istFremdSpracheNeuEinsetzend": false,
          "istFremdsprache": false,
          "istMoeglichAbiGK": true,
          "istMoeglichAbiLK": true,
          "istMoeglichEF1": true,
          "istMoeglichEF2": true,
          "istMoeglichQ11": true,
          "istMoeglichQ12": true,
          "istMoeglichQ21": true,
          "istMoeglichQ22": true,
          "istPruefungsordnungsRelevant": true,
          "kuerzel": "BI",
          "kuerzelAnzeige": "BI",
          "projektKursLeitfach1ID": null,
          "projektKursLeitfach1Kuerzel": null,
          "projektKursLeitfach2ID": null,
          "projektKursLeitfach2Kuerzel": null,
          "sortierung": 200,
          "wochenstundenQualifikationsphase": 3,
        },
        "istFSNeu": false,
      },
      GostLeistungenFachwahl {
        "abiturfach": null,
        "belegungen": ArrayList {
          "addFirst": [Function],
          "addLast": [Function],
          "elementData": [
            GostLeistungenFachbelegung {
              "abschnitt": 1,
              "abschnittGewertet": true,
              "bilingualeSprache": null,
              "fehlstundenGesamt": 0,
              "fehlstundenUnentschuldigt": 0,
              "halbjahrKuerzel": "EF.1",
              "id": 376884,
              "istSchriftlich": false,
              "jahrgang": "EF",
              "kursartKuerzel": "GK",
              "lehrer": 1,
              "notenKuerzel": "2",
              "schuljahr": 2018,
              "wochenstunden": 3,
            },
            GostLeistungenFachbelegung {
              "abschnitt": 2,
              "abschnittGewertet": true,
              "bilingualeSprache": null,
              "fehlstundenGesamt": 0,
              "fehlstundenUnentschuldigt": 0,
              "halbjahrKuerzel": "EF.2",
              "id": 398178,
              "istSchriftlich": false,
              "jahrgang": "EF",
              "kursartKuerzel": "GK",
              "lehrer": 1,
              "notenKuerzel": "2",
              "schuljahr": 2018,
              "wochenstunden": 3,
            },
          ],
          "getFirst": [Function],
          "getLast": [Function],
          "modCount": 2,
          "removeFirst": [Function],
          "removeLast": [Function],
        },
        "fach": GostFach {
          "bezeichnung": "Physik",
          "biliSprache": null,
          "id": 128,
          "istFremdSpracheNeuEinsetzend": false,
          "istFremdsprache": false,
          "istMoeglichAbiGK": true,
          "istMoeglichAbiLK": true,
          "istMoeglichEF1": true,
          "istMoeglichEF2": true,
          "istMoeglichQ11": true,
          "istMoeglichQ12": true,
          "istMoeglichQ21": true,
          "istMoeglichQ22": true,
          "istPruefungsordnungsRelevant": true,
          "kuerzel": "PH",
          "kuerzelAnzeige": "PH",
          "projektKursLeitfach1ID": null,
          "projektKursLeitfach1Kuerzel": null,
          "projektKursLeitfach2ID": null,
          "projektKursLeitfach2Kuerzel": null,
          "sortierung": 220,
          "wochenstundenQualifikationsphase": 3,
        },
        "istFSNeu": false,
      },
      GostLeistungenFachwahl {
        "abiturfach": null,
        "belegungen": ArrayList {
          "addFirst": [Function],
          "addLast": [Function],
          "elementData": [
            GostLeistungenFachbelegung {
              "abschnitt": 1,
              "abschnittGewertet": true,
              "bilingualeSprache": null,
              "fehlstundenGesamt": 0,
              "fehlstundenUnentschuldigt": 0,
              "halbjahrKuerzel": "EF.1",
              "id": 377023,
              "istSchriftlich": false,
              "jahrgang": "EF",
              "kursartKuerzel": "GK",
              "lehrer": 18,
              "notenKuerzel": "2",
              "schuljahr": 2018,
              "wochenstunden": 3,
            },
            GostLeistungenFachbelegung {
              "abschnitt": 2,
              "abschnittGewertet": true,
              "bilingualeSprache": null,
              "fehlstundenGesamt": 0,
              "fehlstundenUnentschuldigt": 0,
              "halbjahrKuerzel": "EF.2",
              "id": 398430,
              "istSchriftlich": false,
              "jahrgang": "EF",
              "kursartKuerzel": "GK",
              "lehrer": 20,
              "notenKuerzel": "2",
              "schuljahr": 2018,
              "wochenstunden": 3,
            },
          ],
          "getFirst": [Function],
          "getLast": [Function],
          "modCount": 2,
          "removeFirst": [Function],
          "removeLast": [Function],
        },
        "fach": GostFach {
          "bezeichnung": "Sport",
          "biliSprache": null,
          "id": 172,
          "istFremdSpracheNeuEinsetzend": false,
          "istFremdsprache": false,
          "istMoeglichAbiGK": false,
          "istMoeglichAbiLK": true,
          "istMoeglichEF1": true,
          "istMoeglichEF2": true,
          "istMoeglichQ11": true,
          "istMoeglichQ12": true,
          "istMoeglichQ21": true,
          "istMoeglichQ22": true,
          "istPruefungsordnungsRelevant": true,
          "kuerzel": "SP",
          "kuerzelAnzeige": "SP",
          "projektKursLeitfach1ID": null,
          "projektKursLeitfach1Kuerzel": null,
          "projektKursLeitfach2ID": null,
          "projektKursLeitfach2Kuerzel": null,
          "sortierung": 260,
          "wochenstundenQualifikationsphase": 3,
        },
        "istFSNeu": false,
      },
      GostLeistungenFachwahl {
        "abiturfach": null,
        "belegungen": ArrayList {
          "addFirst": [Function],
          "addLast": [Function],
          "elementData": [
            GostLeistungenFachbelegung {
              "abschnitt": 1,
              "abschnittGewertet": true,
              "bilingualeSprache": null,
              "fehlstundenGesamt": 0,
              "fehlstundenUnentschuldigt": 0,
              "halbjahrKuerzel": "EF.1",
              "id": 375743,
              "istSchriftlich": false,
              "jahrgang": "EF",
              "kursartKuerzel": "VTF",
              "lehrer": 8,
              "notenKuerzel": "E3",
              "schuljahr": 2018,
              "wochenstunden": 2,
            },
            GostLeistungenFachbelegung {
              "abschnitt": 2,
              "abschnittGewertet": true,
              "bilingualeSprache": null,
              "fehlstundenGesamt": 0,
              "fehlstundenUnentschuldigt": 0,
              "halbjahrKuerzel": "EF.2",
              "id": 395922,
              "istSchriftlich": false,
              "jahrgang": "EF",
              "kursartKuerzel": "VTF",
              "lehrer": 8,
              "notenKuerzel": "E3",
              "schuljahr": 2018,
              "wochenstunden": 2,
            },
          ],
          "getFirst": [Function],
          "getLast": [Function],
          "modCount": 2,
          "removeFirst": [Function],
          "removeLast": [Function],
        },
        "fach": GostFach {
          "bezeichnung": "Vertiefungsfach Mathematik",
          "biliSprache": null,
          "id": 213,
          "istFremdSpracheNeuEinsetzend": false,
          "istFremdsprache": false,
          "istMoeglichAbiGK": false,
          "istMoeglichAbiLK": false,
          "istMoeglichEF1": true,
          "istMoeglichEF2": true,
          "istMoeglichQ11": true,
          "istMoeglichQ12": true,
          "istMoeglichQ21": true,
          "istMoeglichQ22": true,
          "istPruefungsordnungsRelevant": true,
          "kuerzel": "VX",
          "kuerzelAnzeige": "VFM",
          "projektKursLeitfach1ID": null,
          "projektKursLeitfach1Kuerzel": null,
          "projektKursLeitfach2ID": null,
          "projektKursLeitfach2Kuerzel": null,
          "sortierung": 300,
          "wochenstundenQualifikationsphase": 2,
        },
        "istFSNeu": false,
      },
    ],
    "getFirst": [Function],
    "getLast": [Function],
    "modCount": 12,
    "removeFirst": [Function],
    "removeLast": [Function],
  },
  "id": 1199,
  "projektkursLeitfach1Kuerzel": null,
  "projektkursLeitfach2Kuerzel": null,
  "projektkursThema": null,
  "sprachendaten": Sprachendaten {
    "belegungen": ArrayList {
      "addFirst": [Function],
      "addLast": [Function],
      "elementData": [
        Sprachbelegung {
          "belegungBisAbschnitt": 2,
          "belegungBisJahrgang": "EF",
          "belegungVonAbschnitt": 1,
          "belegungVonJahrgang": "05",
          "hatGraecum": false,
          "hatHebraicum": false,
          "hatKleinesLatinum": false,
          "hatLatinum": false,
          "referenzniveau": "B1/B2",
          "reihenfolge": 1,
          "sprache": "E",
        },
        Sprachbelegung {
          "belegungBisAbschnitt": 2,
          "belegungBisJahrgang": "09",
          "belegungVonAbschnitt": 1,
          "belegungVonJahrgang": "06",
          "hatGraecum": false,
          "hatHebraicum": false,
          "hatKleinesLatinum": false,
          "hatLatinum": false,
          "referenzniveau": "B1",
          "reihenfolge": 2,
          "sprache": "F",
        },
      ],
      "getFirst": [Function],
      "getLast": [Function],
      "modCount": 2,
      "removeFirst": [Function],
      "removeLast": [Function],
    },
    "pruefungen": ArrayList {
      "addFirst": [Function],
      "addLast": [Function],
      "elementData": [
        Sprachpruefung {
          "anspruchsniveauId": 3,
          "ersetzteSprache": "T",
          "istFeststellungspruefung": false,
          "istHSUPruefung": true,
          "jahrgang": "09",
          "kannBelegungAlsFortgefuehrteSpracheErlauben": true,
          "kannErstePflichtfremdspracheErsetzen": false,
          "kannWahlpflichtfremdspracheErsetzen": false,
          "kannZweitePflichtfremdspracheErsetzen": false,
          "note": 2,
          "pruefungsdatum": "2023-05-03",
          "referenzniveau": "B1",
          "sprache": "TM",
        },
      ],
      "getFirst": [Function],
      "getLast": [Function],
      "modCount": 1,
      "removeFirst": [Function],
      "removeLast": [Function],
    },
    "schuelerID": 1199,
  },
}
`;
