// Vitest Snapshot v1, https://vitest.dev/guide/snapshot.html

exports[`APIKlassen Tests > gegen { schema: 'GymAbi01' } > DELETE: Mehrere Klassen mit unterschiedlichen Löschergebnissen 1`] = `
ArrayList {
  "addFirst": [Function],
  "addLast": [Function],
  "elementData": [
    SimpleOperationResponse {
      "id": 2,
      "log": ArrayList {
        "addFirst": [Function],
        "addLast": [Function],
        "elementData": [],
        "getFirst": [Function],
        "getLast": [Function],
        "modCount": 0,
        "removeFirst": [Function],
        "removeLast": [Function],
      },
      "success": true,
    },
    SimpleOperationResponse {
      "id": 348,
      "log": ArrayList {
        "addFirst": [Function],
        "addLast": [Function],
        "elementData": [
          "Klasse 07d (ID: 348) hat noch 25 verknüpfte(n) Schüler.",
        ],
        "getFirst": [Function],
        "getLast": [Function],
        "modCount": 1,
        "removeFirst": [Function],
        "removeLast": [Function],
      },
      "success": false,
    },
  ],
  "getFirst": [Function],
  "getLast": [Function],
  "modCount": 2,
  "removeFirst": [Function],
  "removeLast": [Function],
}
`;

exports[`APIKlassen Tests > gegen { schema: 'GymAbi01' } > GET: Alle Katalog Klassenarten 1`] = `
ArrayList {
  "addFirst": [Function],
  "addLast": [Function],
  "elementData": [
    KlassenartKatalogEintrag {
      "gueltigBis": 2023,
      "gueltigVon": null,
      "id": 0,
      "kuerzel": "**",
      "schluessel": "**",
      "text": "Kein Eintrag",
      "zulaessig": ArrayList {
        "addFirst": [Function],
        "addLast": [Function],
        "elementData": [
          SchulformSchulgliederung {
            "gliederung": null,
            "schulform": "WB",
          },
        ],
        "getFirst": [Function],
        "getLast": [Function],
        "modCount": 1,
        "removeFirst": [Function],
        "removeLast": [Function],
      },
    },
    KlassenartKatalogEintrag {
      "gueltigBis": 2022,
      "gueltigVon": null,
      "id": 1000,
      "kuerzel": "1A",
      "schluessel": "1A",
      "text": "Klasse 10 Typ A (Hauptschule)",
      "zulaessig": ArrayList {
        "addFirst": [Function],
        "addLast": [Function],
        "elementData": [
          SchulformSchulgliederung {
            "gliederung": null,
            "schulform": "H",
          },
          SchulformSchulgliederung {
            "gliederung": "H",
            "schulform": "GM",
          },
          SchulformSchulgliederung {
            "gliederung": "H",
            "schulform": "R",
          },
          SchulformSchulgliederung {
            "gliederung": "H",
            "schulform": "SK",
          },
          SchulformSchulgliederung {
            "gliederung": null,
            "schulform": "V",
          },
        ],
        "getFirst": [Function],
        "getLast": [Function],
        "modCount": 5,
        "removeFirst": [Function],
        "removeLast": [Function],
      },
    },
    KlassenartKatalogEintrag {
      "gueltigBis": 2023,
      "gueltigVon": 2023,
      "id": 1001,
      "kuerzel": "1A",
      "schluessel": "1A",
      "text": "Klasse 10 Typ A (Hauptschule)",
      "zulaessig": ArrayList {
        "addFirst": [Function],
        "addLast": [Function],
        "elementData": [
          SchulformSchulgliederung {
            "gliederung": null,
            "schulform": "H",
          },
          SchulformSchulgliederung {
            "gliederung": "H",
            "schulform": "R",
          },
          SchulformSchulgliederung {
            "gliederung": "H",
            "schulform": "SK",
          },
          SchulformSchulgliederung {
            "gliederung": null,
            "schulform": "V",
          },
        ],
        "getFirst": [Function],
        "getLast": [Function],
        "modCount": 4,
        "removeFirst": [Function],
        "removeLast": [Function],
      },
    },
    KlassenartKatalogEintrag {
      "gueltigBis": 2022,
      "gueltigVon": null,
      "id": 2000,
      "kuerzel": "1B",
      "schluessel": "1B",
      "text": "Klasse 10 Typ B (Hauptschule)",
      "zulaessig": ArrayList {
        "addFirst": [Function],
        "addLast": [Function],
        "elementData": [
          SchulformSchulgliederung {
            "gliederung": null,
            "schulform": "H",
          },
          SchulformSchulgliederung {
            "gliederung": "H",
            "schulform": "GM",
          },
          SchulformSchulgliederung {
            "gliederung": "H",
            "schulform": "SK",
          },
          SchulformSchulgliederung {
            "gliederung": null,
            "schulform": "V",
          },
        ],
        "getFirst": [Function],
        "getLast": [Function],
        "modCount": 4,
        "removeFirst": [Function],
        "removeLast": [Function],
      },
    },
    KlassenartKatalogEintrag {
      "gueltigBis": 2023,
      "gueltigVon": 2023,
      "id": 2001,
      "kuerzel": "1B",
      "schluessel": "1B",
      "text": "Klasse 10 Typ B (Hauptschule)",
      "zulaessig": ArrayList {
        "addFirst": [Function],
        "addLast": [Function],
        "elementData": [
          SchulformSchulgliederung {
            "gliederung": null,
            "schulform": "H",
          },
          SchulformSchulgliederung {
            "gliederung": "H",
            "schulform": "SK",
          },
          SchulformSchulgliederung {
            "gliederung": null,
            "schulform": "V",
          },
        ],
        "getFirst": [Function],
        "getLast": [Function],
        "modCount": 3,
        "removeFirst": [Function],
        "removeLast": [Function],
      },
    },
    KlassenartKatalogEintrag {
      "gueltigBis": 2022,
      "gueltigVon": null,
      "id": 3000,
      "kuerzel": "AB",
      "schluessel": "AB",
      "text": "Klassen im Jahrgang 10 ohne Differenzierung in Typ A und Typ B (Hauptschule)",
      "zulaessig": ArrayList {
        "addFirst": [Function],
        "addLast": [Function],
        "elementData": [
          SchulformSchulgliederung {
            "gliederung": null,
            "schulform": "H",
          },
          SchulformSchulgliederung {
            "gliederung": "H",
            "schulform": "GM",
          },
          SchulformSchulgliederung {
            "gliederung": "H",
            "schulform": "SK",
          },
          SchulformSchulgliederung {
            "gliederung": null,
            "schulform": "V",
          },
        ],
        "getFirst": [Function],
        "getLast": [Function],
        "modCount": 4,
        "removeFirst": [Function],
        "removeLast": [Function],
      },
    },
    KlassenartKatalogEintrag {
      "gueltigBis": 2023,
      "gueltigVon": 2023,
      "id": 3001,
      "kuerzel": "AB",
      "schluessel": "AB",
      "text": "Klassen im Jahrgang 10 ohne Differenzierung in Typ A und Typ B (Hauptschule)",
      "zulaessig": ArrayList {
        "addFirst": [Function],
        "addLast": [Function],
        "elementData": [
          SchulformSchulgliederung {
            "gliederung": null,
            "schulform": "H",
          },
          SchulformSchulgliederung {
            "gliederung": "H",
            "schulform": "SK",
          },
          SchulformSchulgliederung {
            "gliederung": null,
            "schulform": "V",
          },
        ],
        "getFirst": [Function],
        "getLast": [Function],
        "modCount": 3,
        "removeFirst": [Function],
        "removeLast": [Function],
      },
    },
    KlassenartKatalogEintrag {
      "gueltigBis": null,
      "gueltigVon": null,
      "id": 4000,
      "kuerzel": "AM",
      "schluessel": "AM",
      "text": "Frühförderung für hör- und sehgeschädigte Kinder: Hausfrüherziehung, ambulante Maßnahmen ",
      "zulaessig": ArrayList {
        "addFirst": [Function],
        "addLast": [Function],
        "elementData": [
          SchulformSchulgliederung {
            "gliederung": null,
            "schulform": "KS",
          },
          SchulformSchulgliederung {
            "gliederung": null,
            "schulform": "S",
          },
        ],
        "getFirst": [Function],
        "getLast": [Function],
        "modCount": 2,
        "removeFirst": [Function],
        "removeLast": [Function],
      },
    },
    KlassenartKatalogEintrag {
      "gueltigBis": null,
      "gueltigVon": 2024,
      "id": 9000,
      "kuerzel": "DF",
      "schluessel": "DF",
      "text": "Deutschförderung (ohne Bildungsgangzuordnung, BASS 13-63 Nr. 3)",
      "zulaessig": ArrayList {
        "addFirst": [Function],
        "addLast": [Function],
        "elementData": [
          SchulformSchulgliederung {
            "gliederung": null,
            "schulform": "G",
          },
          SchulformSchulgliederung {
            "gliederung": null,
            "schulform": "GE",
          },
          SchulformSchulgliederung {
            "gliederung": null,
            "schulform": "GY",
          },
          SchulformSchulgliederung {
            "gliederung": null,
            "schulform": "H",
          },
          SchulformSchulgliederung {
            "gliederung": null,
            "schulform": "PS",
          },
          SchulformSchulgliederung {
            "gliederung": null,
            "schulform": "R",
          },
          SchulformSchulgliederung {
            "gliederung": null,
            "schulform": "S",
          },
          SchulformSchulgliederung {
            "gliederung": null,
            "schulform": "KS",
          },
          SchulformSchulgliederung {
            "gliederung": null,
            "schulform": "SG",
          },
          SchulformSchulgliederung {
            "gliederung": null,
            "schulform": "SK",
          },
          SchulformSchulgliederung {
            "gliederung": null,
            "schulform": "SR",
          },
          SchulformSchulgliederung {
            "gliederung": null,
            "schulform": "V",
          },
          SchulformSchulgliederung {
            "gliederung": null,
            "schulform": "WB",
          },
        ],
        "getFirst": [Function],
        "getLast": [Function],
        "modCount": 13,
        "removeFirst": [Function],
        "removeLast": [Function],
      },
    },
    KlassenartKatalogEintrag {
      "gueltigBis": null,
      "gueltigVon": null,
      "id": 5000,
      "kuerzel": "PG",
      "schluessel": "PG",
      "text": "Frühförderung für hör- und sehgeschädigte Kinder: Förderschulkindergarten, Präsenzgruppe",
      "zulaessig": ArrayList {
        "addFirst": [Function],
        "addLast": [Function],
        "elementData": [
          SchulformSchulgliederung {
            "gliederung": null,
            "schulform": "KS",
          },
          SchulformSchulgliederung {
            "gliederung": null,
            "schulform": "S",
          },
        ],
        "getFirst": [Function],
        "getLast": [Function],
        "modCount": 2,
        "removeFirst": [Function],
        "removeLast": [Function],
      },
    },
    KlassenartKatalogEintrag {
      "gueltigBis": 2023,
      "gueltigVon": null,
      "id": 6000,
      "kuerzel": "PK",
      "schluessel": "PK",
      "text": "Profilklasse (gemäß § 21 Abs. 3 APO-S I)",
      "zulaessig": ArrayList {
        "addFirst": [Function],
        "addLast": [Function],
        "elementData": [
          SchulformSchulgliederung {
            "gliederung": null,
            "schulform": "GY",
          },
          SchulformSchulgliederung {
            "gliederung": "GY9",
            "schulform": "GE",
          },
          SchulformSchulgliederung {
            "gliederung": "GY",
            "schulform": "SK",
          },
        ],
        "getFirst": [Function],
        "getLast": [Function],
        "modCount": 3,
        "removeFirst": [Function],
        "removeLast": [Function],
      },
    },
    KlassenartKatalogEintrag {
      "gueltigBis": null,
      "gueltigVon": 2024,
      "id": 6001,
      "kuerzel": "PK",
      "schluessel": "PK",
      "text": "Profilklasse (gemäß § 21 Abs. 3 APO-S I)",
      "zulaessig": ArrayList {
        "addFirst": [Function],
        "addLast": [Function],
        "elementData": [
          SchulformSchulgliederung {
            "gliederung": null,
            "schulform": "GY",
          },
        ],
        "getFirst": [Function],
        "getLast": [Function],
        "modCount": 1,
        "removeFirst": [Function],
        "removeLast": [Function],
      },
    },
    KlassenartKatalogEintrag {
      "gueltigBis": 2022,
      "gueltigVon": null,
      "id": 7000,
      "kuerzel": "RK",
      "schluessel": "RK",
      "text": "Regelklasse",
      "zulaessig": ArrayList {
        "addFirst": [Function],
        "addLast": [Function],
        "elementData": [
          SchulformSchulgliederung {
            "gliederung": null,
            "schulform": "FW",
          },
          SchulformSchulgliederung {
            "gliederung": null,
            "schulform": "HI",
          },
          SchulformSchulgliederung {
            "gliederung": null,
            "schulform": "WF",
          },
          SchulformSchulgliederung {
            "gliederung": null,
            "schulform": "G",
          },
          SchulformSchulgliederung {
            "gliederung": null,
            "schulform": "GE",
          },
          SchulformSchulgliederung {
            "gliederung": null,
            "schulform": "GM",
          },
          SchulformSchulgliederung {
            "gliederung": null,
            "schulform": "GY",
          },
          SchulformSchulgliederung {
            "gliederung": null,
            "schulform": "H",
          },
          SchulformSchulgliederung {
            "gliederung": null,
            "schulform": "PS",
          },
          SchulformSchulgliederung {
            "gliederung": null,
            "schulform": "R",
          },
          SchulformSchulgliederung {
            "gliederung": null,
            "schulform": "S",
          },
          SchulformSchulgliederung {
            "gliederung": null,
            "schulform": "KS",
          },
          SchulformSchulgliederung {
            "gliederung": null,
            "schulform": "SG",
          },
          SchulformSchulgliederung {
            "gliederung": null,
            "schulform": "SK",
          },
          SchulformSchulgliederung {
            "gliederung": null,
            "schulform": "SR",
          },
          SchulformSchulgliederung {
            "gliederung": null,
            "schulform": "V",
          },
        ],
        "getFirst": [Function],
        "getLast": [Function],
        "modCount": 16,
        "removeFirst": [Function],
        "removeLast": [Function],
      },
    },
    KlassenartKatalogEintrag {
      "gueltigBis": 2023,
      "gueltigVon": 2023,
      "id": 7001,
      "kuerzel": "RK",
      "schluessel": "RK",
      "text": "Regelklasse",
      "zulaessig": ArrayList {
        "addFirst": [Function],
        "addLast": [Function],
        "elementData": [
          SchulformSchulgliederung {
            "gliederung": null,
            "schulform": "FW",
          },
          SchulformSchulgliederung {
            "gliederung": null,
            "schulform": "HI",
          },
          SchulformSchulgliederung {
            "gliederung": null,
            "schulform": "WF",
          },
          SchulformSchulgliederung {
            "gliederung": null,
            "schulform": "G",
          },
          SchulformSchulgliederung {
            "gliederung": null,
            "schulform": "GE",
          },
          SchulformSchulgliederung {
            "gliederung": null,
            "schulform": "GY",
          },
          SchulformSchulgliederung {
            "gliederung": null,
            "schulform": "H",
          },
          SchulformSchulgliederung {
            "gliederung": null,
            "schulform": "PS",
          },
          SchulformSchulgliederung {
            "gliederung": null,
            "schulform": "R",
          },
          SchulformSchulgliederung {
            "gliederung": null,
            "schulform": "S",
          },
          SchulformSchulgliederung {
            "gliederung": null,
            "schulform": "KS",
          },
          SchulformSchulgliederung {
            "gliederung": null,
            "schulform": "SG",
          },
          SchulformSchulgliederung {
            "gliederung": null,
            "schulform": "SK",
          },
          SchulformSchulgliederung {
            "gliederung": null,
            "schulform": "SR",
          },
          SchulformSchulgliederung {
            "gliederung": null,
            "schulform": "V",
          },
        ],
        "getFirst": [Function],
        "getLast": [Function],
        "modCount": 15,
        "removeFirst": [Function],
        "removeLast": [Function],
      },
    },
    KlassenartKatalogEintrag {
      "gueltigBis": null,
      "gueltigVon": 2024,
      "id": 7002,
      "kuerzel": "RK",
      "schluessel": "RK",
      "text": "Regelklasse",
      "zulaessig": ArrayList {
        "addFirst": [Function],
        "addLast": [Function],
        "elementData": [
          SchulformSchulgliederung {
            "gliederung": null,
            "schulform": "FW",
          },
          SchulformSchulgliederung {
            "gliederung": null,
            "schulform": "HI",
          },
          SchulformSchulgliederung {
            "gliederung": null,
            "schulform": "WF",
          },
          SchulformSchulgliederung {
            "gliederung": null,
            "schulform": "G",
          },
          SchulformSchulgliederung {
            "gliederung": null,
            "schulform": "GE",
          },
          SchulformSchulgliederung {
            "gliederung": null,
            "schulform": "GY",
          },
          SchulformSchulgliederung {
            "gliederung": null,
            "schulform": "H",
          },
          SchulformSchulgliederung {
            "gliederung": null,
            "schulform": "PS",
          },
          SchulformSchulgliederung {
            "gliederung": null,
            "schulform": "R",
          },
          SchulformSchulgliederung {
            "gliederung": null,
            "schulform": "S",
          },
          SchulformSchulgliederung {
            "gliederung": null,
            "schulform": "KS",
          },
          SchulformSchulgliederung {
            "gliederung": null,
            "schulform": "SG",
          },
          SchulformSchulgliederung {
            "gliederung": null,
            "schulform": "SK",
          },
          SchulformSchulgliederung {
            "gliederung": null,
            "schulform": "SR",
          },
          SchulformSchulgliederung {
            "gliederung": null,
            "schulform": "V",
          },
          SchulformSchulgliederung {
            "gliederung": null,
            "schulform": "WB",
          },
        ],
        "getFirst": [Function],
        "getLast": [Function],
        "modCount": 16,
        "removeFirst": [Function],
        "removeLast": [Function],
      },
    },
    KlassenartKatalogEintrag {
      "gueltigBis": 2022,
      "gueltigVon": null,
      "id": 8000,
      "kuerzel": "SG",
      "schluessel": "SG",
      "text": "Deutschförderklasse (gemäß BASS 13-63 Nr. 3, Nummer 3.5.1)",
      "zulaessig": ArrayList {
        "addFirst": [Function],
        "addLast": [Function],
        "elementData": [
          SchulformSchulgliederung {
            "gliederung": null,
            "schulform": "G",
          },
          SchulformSchulgliederung {
            "gliederung": null,
            "schulform": "GE",
          },
          SchulformSchulgliederung {
            "gliederung": null,
            "schulform": "GM",
          },
          SchulformSchulgliederung {
            "gliederung": null,
            "schulform": "GY",
          },
          SchulformSchulgliederung {
            "gliederung": null,
            "schulform": "H",
          },
          SchulformSchulgliederung {
            "gliederung": null,
            "schulform": "PS",
          },
          SchulformSchulgliederung {
            "gliederung": null,
            "schulform": "R",
          },
          SchulformSchulgliederung {
            "gliederung": null,
            "schulform": "S",
          },
          SchulformSchulgliederung {
            "gliederung": null,
            "schulform": "KS",
          },
          SchulformSchulgliederung {
            "gliederung": null,
            "schulform": "SG",
          },
          SchulformSchulgliederung {
            "gliederung": null,
            "schulform": "SK",
          },
          SchulformSchulgliederung {
            "gliederung": null,
            "schulform": "SR",
          },
          SchulformSchulgliederung {
            "gliederung": null,
            "schulform": "V",
          },
        ],
        "getFirst": [Function],
        "getLast": [Function],
        "modCount": 13,
        "removeFirst": [Function],
        "removeLast": [Function],
      },
    },
    KlassenartKatalogEintrag {
      "gueltigBis": 2023,
      "gueltigVon": 2023,
      "id": 8001,
      "kuerzel": "SG",
      "schluessel": "SG",
      "text": "Deutschförderklasse (gemäß BASS 13-63 Nr. 3, Nummer 3.5.1)",
      "zulaessig": ArrayList {
        "addFirst": [Function],
        "addLast": [Function],
        "elementData": [
          SchulformSchulgliederung {
            "gliederung": null,
            "schulform": "G",
          },
          SchulformSchulgliederung {
            "gliederung": null,
            "schulform": "GE",
          },
          SchulformSchulgliederung {
            "gliederung": null,
            "schulform": "GY",
          },
          SchulformSchulgliederung {
            "gliederung": null,
            "schulform": "H",
          },
          SchulformSchulgliederung {
            "gliederung": null,
            "schulform": "PS",
          },
          SchulformSchulgliederung {
            "gliederung": null,
            "schulform": "R",
          },
          SchulformSchulgliederung {
            "gliederung": null,
            "schulform": "S",
          },
          SchulformSchulgliederung {
            "gliederung": null,
            "schulform": "KS",
          },
          SchulformSchulgliederung {
            "gliederung": null,
            "schulform": "SG",
          },
          SchulformSchulgliederung {
            "gliederung": null,
            "schulform": "SK",
          },
          SchulformSchulgliederung {
            "gliederung": null,
            "schulform": "SR",
          },
          SchulformSchulgliederung {
            "gliederung": null,
            "schulform": "V",
          },
        ],
        "getFirst": [Function],
        "getLast": [Function],
        "modCount": 12,
        "removeFirst": [Function],
        "removeLast": [Function],
      },
    },
  ],
  "getFirst": [Function],
  "getLast": [Function],
  "modCount": 17,
  "removeFirst": [Function],
  "removeLast": [Function],
}
`;

exports[`APIKlassen Tests > gegen { schema: 'GymAbi01' } > GET: Alle Klassen zu einem Schuljahresabschnitt, der nicht existiert 1`] = `undefined`;

exports[`APIKlassen Tests > gegen { schema: 'GymAbi01' } > GET: Alle Klassen zum Schuljahresabschnitt 1 1`] = `23`;

exports[`APIKlassen Tests > gegen { schema: 'GymAbi01' } > GET: Klasse 1`] = `
KlassenDaten {
  "beginnSommersemester": false,
  "beschreibung": "",
  "id": 13,
  "idAllgemeinbildendOrganisationsform": 3002000,
  "idBerufsbildendOrganisationsform": null,
  "idFachklasse": null,
  "idFolgeklasse": 383,
  "idJahrgang": 5,
  "idKlassenart": 7000,
  "idSchulgliederung": 0,
  "idSchuljahresabschnitt": 1,
  "idVorgaengerklasse": 261,
  "idWeiterbildungOrganisationsform": null,
  "klassenLeitungen": ArrayList {
    "addFirst": [Function],
    "addLast": [Function],
    "elementData": [
      26,
      9,
      84,
    ],
    "getFirst": [Function],
    "getLast": [Function],
    "modCount": 3,
    "removeFirst": [Function],
    "removeLast": [Function],
  },
  "kuerzel": "09a",
  "kuerzelFolgeklasse": "EF",
  "kuerzelVorgaengerklasse": "09a",
  "noteneingabeGesperrt": false,
  "parallelitaet": "A",
  "pruefungsordnung": "GY/APO-SI05/5-10",
  "schueler": ArrayList {
    "addFirst": [Function],
    "addLast": [Function],
    "elementData": [
      Schueler {
        "abschlussjahrgang": -1,
        "externeSchulNr": null,
        "geschlecht": 4,
        "id": 9094,
        "nachname": "Homering",
        "status": 2,
        "vorname": "Andrea",
      },
      Schueler {
        "abschlussjahrgang": -1,
        "externeSchulNr": null,
        "geschlecht": 3,
        "id": 9107,
        "nachname": "Grauel",
        "status": 2,
        "vorname": "Klaus",
      },
      Schueler {
        "abschlussjahrgang": -1,
        "externeSchulNr": null,
        "geschlecht": 3,
        "id": 9115,
        "nachname": "Ankel",
        "status": 2,
        "vorname": "Matthias",
      },
      Schueler {
        "abschlussjahrgang": -1,
        "externeSchulNr": null,
        "geschlecht": 4,
        "id": 9136,
        "nachname": "Röper",
        "status": 2,
        "vorname": "Stephanie",
      },
      Schueler {
        "abschlussjahrgang": -1,
        "externeSchulNr": null,
        "geschlecht": 4,
        "id": 9144,
        "nachname": "Gerds",
        "status": 2,
        "vorname": "Barbara",
      },
      Schueler {
        "abschlussjahrgang": -1,
        "externeSchulNr": null,
        "geschlecht": 3,
        "id": 9160,
        "nachname": "Fröhlich",
        "status": 2,
        "vorname": "Dieter",
      },
      Schueler {
        "abschlussjahrgang": -1,
        "externeSchulNr": null,
        "geschlecht": 3,
        "id": 9172,
        "nachname": "Vogt",
        "status": 2,
        "vorname": "Martin",
      },
      Schueler {
        "abschlussjahrgang": -1,
        "externeSchulNr": null,
        "geschlecht": 3,
        "id": 9184,
        "nachname": "Christians",
        "status": 2,
        "vorname": "Kristian",
      },
      Schueler {
        "abschlussjahrgang": -1,
        "externeSchulNr": null,
        "geschlecht": 3,
        "id": 9186,
        "nachname": "Steege",
        "status": 2,
        "vorname": "Patrick",
      },
      Schueler {
        "abschlussjahrgang": -1,
        "externeSchulNr": null,
        "geschlecht": 3,
        "id": 9192,
        "nachname": "Schmitt",
        "status": 2,
        "vorname": "Swen",
      },
      Schueler {
        "abschlussjahrgang": -1,
        "externeSchulNr": null,
        "geschlecht": 4,
        "id": 9196,
        "nachname": "Bechtel",
        "status": 2,
        "vorname": "Kerstin",
      },
      Schueler {
        "abschlussjahrgang": -1,
        "externeSchulNr": null,
        "geschlecht": 3,
        "id": 9202,
        "nachname": "Röttmer",
        "status": 2,
        "vorname": "Lukas",
      },
      Schueler {
        "abschlussjahrgang": -1,
        "externeSchulNr": null,
        "geschlecht": 3,
        "id": 9203,
        "nachname": "Fleischer",
        "status": 2,
        "vorname": "Dominik",
      },
      Schueler {
        "abschlussjahrgang": -1,
        "externeSchulNr": null,
        "geschlecht": 3,
        "id": 9208,
        "nachname": "Heßke",
        "status": 2,
        "vorname": "Jonas",
      },
      Schueler {
        "abschlussjahrgang": -1,
        "externeSchulNr": null,
        "geschlecht": 3,
        "id": 9211,
        "nachname": "Beyer",
        "status": 2,
        "vorname": "Benjamin",
      },
      Schueler {
        "abschlussjahrgang": -1,
        "externeSchulNr": null,
        "geschlecht": 3,
        "id": 9214,
        "nachname": "Kock",
        "status": 2,
        "vorname": "Kristian",
      },
      Schueler {
        "abschlussjahrgang": -1,
        "externeSchulNr": null,
        "geschlecht": 4,
        "id": 9215,
        "nachname": "Dorin",
        "status": 2,
        "vorname": "Antje",
      },
      Schueler {
        "abschlussjahrgang": -1,
        "externeSchulNr": null,
        "geschlecht": 4,
        "id": 9216,
        "nachname": "Nommsen",
        "status": 2,
        "vorname": "Christina",
      },
      Schueler {
        "abschlussjahrgang": -1,
        "externeSchulNr": null,
        "geschlecht": 4,
        "id": 9219,
        "nachname": "Wunkesen",
        "status": 2,
        "vorname": "Silke",
      },
      Schueler {
        "abschlussjahrgang": -1,
        "externeSchulNr": null,
        "geschlecht": 4,
        "id": 9224,
        "nachname": "Boldt",
        "status": 2,
        "vorname": "Kristin",
      },
      Schueler {
        "abschlussjahrgang": -1,
        "externeSchulNr": null,
        "geschlecht": 4,
        "id": 9229,
        "nachname": "Fingerhut",
        "status": 2,
        "vorname": "Lena",
      },
      Schueler {
        "abschlussjahrgang": -1,
        "externeSchulNr": null,
        "geschlecht": 4,
        "id": 9232,
        "nachname": "Pröbsting",
        "status": 2,
        "vorname": "Sabine",
      },
      Schueler {
        "abschlussjahrgang": -1,
        "externeSchulNr": null,
        "geschlecht": 4,
        "id": 9236,
        "nachname": "Sternberg",
        "status": 2,
        "vorname": "Katharina",
      },
      Schueler {
        "abschlussjahrgang": -1,
        "externeSchulNr": null,
        "geschlecht": 4,
        "id": 9252,
        "nachname": "Reinisch",
        "status": 2,
        "vorname": "Christina",
      },
      Schueler {
        "abschlussjahrgang": -1,
        "externeSchulNr": null,
        "geschlecht": 3,
        "id": 9270,
        "nachname": "Hupka",
        "status": 2,
        "vorname": "Klaus",
      },
      Schueler {
        "abschlussjahrgang": -1,
        "externeSchulNr": null,
        "geschlecht": 4,
        "id": 9291,
        "nachname": "Schomberg",
        "status": 2,
        "vorname": "Gabriele",
      },
      Schueler {
        "abschlussjahrgang": -1,
        "externeSchulNr": null,
        "geschlecht": 3,
        "id": 9295,
        "nachname": "Gieben",
        "status": 2,
        "vorname": "Jens",
      },
      Schueler {
        "abschlussjahrgang": -1,
        "externeSchulNr": null,
        "geschlecht": 3,
        "id": 9296,
        "nachname": "Arens",
        "status": 2,
        "vorname": "Matthias",
      },
      Schueler {
        "abschlussjahrgang": -1,
        "externeSchulNr": null,
        "geschlecht": 3,
        "id": 9297,
        "nachname": "Kracht",
        "status": 2,
        "vorname": "Robert",
      },
      Schueler {
        "abschlussjahrgang": -1,
        "externeSchulNr": null,
        "geschlecht": 3,
        "id": 9298,
        "nachname": "Berg",
        "status": 2,
        "vorname": "Eric",
      },
      Schueler {
        "abschlussjahrgang": -1,
        "externeSchulNr": null,
        "geschlecht": 3,
        "id": 9299,
        "nachname": "Bullerbeck",
        "status": 2,
        "vorname": "Jörg",
      },
      Schueler {
        "abschlussjahrgang": -1,
        "externeSchulNr": null,
        "geschlecht": 3,
        "id": 9300,
        "nachname": "Batta",
        "status": 2,
        "vorname": "Dominik",
      },
      Schueler {
        "abschlussjahrgang": -1,
        "externeSchulNr": null,
        "geschlecht": 3,
        "id": 9301,
        "nachname": "Daum",
        "status": 2,
        "vorname": "Sven",
      },
      Schueler {
        "abschlussjahrgang": -1,
        "externeSchulNr": null,
        "geschlecht": 4,
        "id": 9302,
        "nachname": "Hillmann",
        "status": 2,
        "vorname": "Claudia",
      },
      Schueler {
        "abschlussjahrgang": -1,
        "externeSchulNr": null,
        "geschlecht": 3,
        "id": 9303,
        "nachname": "Delfes",
        "status": 2,
        "vorname": "Michael",
      },
      Schueler {
        "abschlussjahrgang": -1,
        "externeSchulNr": null,
        "geschlecht": 4,
        "id": 9304,
        "nachname": "Wagler",
        "status": 2,
        "vorname": "Janina",
      },
      Schueler {
        "abschlussjahrgang": -1,
        "externeSchulNr": null,
        "geschlecht": 3,
        "id": 9305,
        "nachname": "Vulpinus",
        "status": 2,
        "vorname": "Jens",
      },
      Schueler {
        "abschlussjahrgang": -1,
        "externeSchulNr": null,
        "geschlecht": 3,
        "id": 9306,
        "nachname": "Elver",
        "status": 2,
        "vorname": "Jonas",
      },
      Schueler {
        "abschlussjahrgang": -1,
        "externeSchulNr": null,
        "geschlecht": 3,
        "id": 9307,
        "nachname": "Nielsen",
        "status": 2,
        "vorname": "Andreas",
      },
    ],
    "getFirst": [Function],
    "getLast": [Function],
    "modCount": 39,
    "removeFirst": [Function],
    "removeLast": [Function],
  },
  "sortierung": 90,
  "teilstandort": "A",
  "verwendungAnkreuzkompetenzen": false,
}
`;

exports[`APIKlassen Tests > gegen { schema: 'GymAbi01' } > GET: Klasse, die nicht existiert 1`] = `"Fetch failed for GET: /db/GymAbi01/klassen/99999"`;

exports[`APIKlassen Tests > gegen { schema: 'GymAbi01' } > GET: Klasse, die nicht existiert 2`] = `404`;

exports[`APIKlassen Tests > gegen { schema: 'GymAbi01' } > PATCH: Alle erlaubten Attribute einer Klasse 1`] = `
KlassenDaten {
  "beginnSommersemester": true,
  "beschreibung": "Test Test",
  "id": 3,
  "idAllgemeinbildendOrganisationsform": 3002000,
  "idBerufsbildendOrganisationsform": null,
  "idFachklasse": null,
  "idFolgeklasse": 95,
  "idJahrgang": 2,
  "idKlassenart": 6000,
  "idSchulgliederung": 60001000,
  "idSchuljahresabschnitt": 1,
  "idVorgaengerklasse": null,
  "idWeiterbildungOrganisationsform": null,
  "klassenLeitungen": ArrayList {
    "addFirst": [Function],
    "addLast": [Function],
    "elementData": [
      59,
      77,
    ],
    "getFirst": [Function],
    "getLast": [Function],
    "modCount": 2,
    "removeFirst": [Function],
    "removeLast": [Function],
  },
  "kuerzel": "06dNeu",
  "kuerzelFolgeklasse": "05d",
  "kuerzelVorgaengerklasse": "06dNeu",
  "noteneingabeGesperrt": true,
  "parallelitaet": "K",
  "pruefungsordnung": "GY/APO-SI05/5-10",
  "schueler": ArrayList {
    "addFirst": [Function],
    "addLast": [Function],
    "elementData": [],
    "getFirst": [Function],
    "getLast": [Function],
    "modCount": 0,
    "removeFirst": [Function],
    "removeLast": [Function],
  },
  "sortierung": 999,
  "teilstandort": "A",
  "verwendungAnkreuzkompetenzen": true,
}
`;

exports[`APIKlassen Tests > gegen { schema: 'GymAbi01' } > POST: Neue Klasse (nur Plichtfelder) 1`] = `
{
  "beginnSommersemester": false,
  "beschreibung": "",
  "id": Any<Number>,
  "idAllgemeinbildendOrganisationsform": 3000000,
  "idBerufsbildendOrganisationsform": null,
  "idFachklasse": null,
  "idFolgeklasse": null,
  "idJahrgang": 4,
  "idKlassenart": 7000,
  "idSchulgliederung": 0,
  "idSchuljahresabschnitt": 2,
  "idVorgaengerklasse": null,
  "idWeiterbildungOrganisationsform": null,
  "klassenLeitungen": ArrayList {
    "addFirst": [Function],
    "addLast": [Function],
    "elementData": [],
    "getFirst": [Function],
    "getLast": [Function],
    "modCount": 0,
    "removeFirst": [Function],
    "removeLast": [Function],
  },
  "kuerzel": "123abc",
  "kuerzelFolgeklasse": null,
  "kuerzelVorgaengerklasse": null,
  "noteneingabeGesperrt": false,
  "parallelitaet": null,
  "pruefungsordnung": null,
  "schueler": ArrayList {
    "addFirst": [Function],
    "addLast": [Function],
    "elementData": [],
    "getFirst": [Function],
    "getLast": [Function],
    "modCount": 0,
    "removeFirst": [Function],
    "removeLast": [Function],
  },
  "sortierung": 0,
  "teilstandort": "A",
  "verwendungAnkreuzkompetenzen": false,
}
`;
